<?xml version="1.0" encoding="ISO-8859-1" ?>
<link_info>
   <banner>TI ARM Clang Linker PC v3.2.0.LTS</banner>
   <copyright>Copyright (c) 1996-2018 Texas Instruments Incorporated</copyright>
   <link_time>0x689ac4dc</link_time>
   <link_errors>0x0</link_errors>
   <output_file>C:\Users\kaush\Desktop\LFU BSL\slaaec9\MSPM0 LFU Bootloader Implementation release v1.2\Target_MSPM0G3507_demos\LFU_Bootloader_LP_MSPM0G3507_freertos_ticlang\Debug\LFU_Bootloader_LP_MSPM0G3507_freertos_ticlang.out</output_file>
   <entry_point>
      <name>_c_int00_noargs</name>
      <address>0x39bd</address>
   </entry_point>
   <input_file_list>
      <input_file id="fl-1">
         <path>C:\Users\kaush\Desktop\LFU BSL\slaaec9\MSPM0 LFU Bootloader Implementation release v1.2\Target_MSPM0G3507_demos\LFU_Bootloader_LP_MSPM0G3507_freertos_ticlang\Debug\.\</path>
         <kind>object</kind>
         <file>BSL_CI.o</file>
         <name>BSL_CI.o</name>
      </input_file>
      <input_file id="fl-2">
         <path>C:\Users\kaush\Desktop\LFU BSL\slaaec9\MSPM0 LFU Bootloader Implementation release v1.2\Target_MSPM0G3507_demos\LFU_Bootloader_LP_MSPM0G3507_freertos_ticlang\Debug\.\</path>
         <kind>object</kind>
         <file>dl_flashctl.o</file>
         <name>dl_flashctl.o</name>
      </input_file>
      <input_file id="fl-3">
         <path>C:\Users\kaush\Desktop\LFU BSL\slaaec9\MSPM0 LFU Bootloader Implementation release v1.2\Target_MSPM0G3507_demos\LFU_Bootloader_LP_MSPM0G3507_freertos_ticlang\Debug\.\</path>
         <kind>object</kind>
         <file>main-tasks-create.o</file>
         <name>main-tasks-create.o</name>
      </input_file>
      <input_file id="fl-4">
         <path>C:\Users\kaush\Desktop\LFU BSL\slaaec9\MSPM0 LFU Bootloader Implementation release v1.2\Target_MSPM0G3507_demos\LFU_Bootloader_LP_MSPM0G3507_freertos_ticlang\Debug\.\</path>
         <kind>object</kind>
         <file>main_freertos.o</file>
         <name>main_freertos.o</name>
      </input_file>
      <input_file id="fl-5">
         <path>C:\Users\kaush\Desktop\LFU BSL\slaaec9\MSPM0 LFU Bootloader Implementation release v1.2\Target_MSPM0G3507_demos\LFU_Bootloader_LP_MSPM0G3507_freertos_ticlang\Debug\.\</path>
         <kind>object</kind>
         <file>ti_msp_dl_config.o</file>
         <name>ti_msp_dl_config.o</name>
      </input_file>
      <input_file id="fl-6">
         <path>C:\Users\kaush\Desktop\LFU BSL\slaaec9\MSPM0 LFU Bootloader Implementation release v1.2\Target_MSPM0G3507_demos\LFU_Bootloader_LP_MSPM0G3507_freertos_ticlang\Debug\.\</path>
         <kind>object</kind>
         <file>uart.o</file>
         <name>uart.o</name>
      </input_file>
      <input_file id="fl-7">
         <path>C:\Users\kaush\Desktop\LFU BSL\slaaec9\MSPM0 LFU Bootloader Implementation release v1.2\Target_MSPM0G3507_demos\LFU_Bootloader_LP_MSPM0G3507_freertos_ticlang\Debug\.\freertos\ticlang\</path>
         <kind>object</kind>
         <file>startup_mspm0g3507_ticlang.o</file>
         <name>startup_mspm0g3507_ticlang.o</name>
      </input_file>
      <input_file id="fl-15">
         <path>C:\Users\kaush\Desktop\LFU BSL\slaaec9\MSPM0 LFU Bootloader Implementation release v1.2\Target_MSPM0G3507_demos\LFU_Bootloader_LP_MSPM0G3507_freertos_ticlang\Debug\</path>
         <kind>object</kind>
         <file>&lt;internal&gt;</file>
         <name>&lt;internal&gt;</name>
      </input_file>
      <input_file id="fl-16">
         <path>C:\ti\mspm0_sdk_1_00_01_03\source\ti\driverlib\lib\ticlang\m0p\mspm0g1x0x_g3x0x\</path>
         <kind>archive</kind>
         <file>driverlib.a</file>
         <name>dl_common.o</name>
      </input_file>
      <input_file id="fl-17">
         <path>C:\ti\mspm0_sdk_1_00_01_03\source\ti\driverlib\lib\ticlang\m0p\mspm0g1x0x_g3x0x\</path>
         <kind>archive</kind>
         <file>driverlib.a</file>
         <name>dl_uart.o</name>
      </input_file>
      <input_file id="fl-18">
         <path>C:\ti\mspm0_sdk_1_00_01_03\source\ti\driverlib\lib\ticlang\m0p\mspm0g1x0x_g3x0x\</path>
         <kind>archive</kind>
         <file>driverlib.a</file>
         <name>dl_sysctl_mspm0g1x0x_g3x0x.o</name>
      </input_file>
      <input_file id="fl-19">
         <path>C:\Users\kaush\Desktop\LFU BSL\slaaec9\MSPM0 LFU Bootloader Implementation release v1.2\Target_MSPM0G3507_demos\freertos_builds_LP_MSPM0G3507_release_ticlang\Debug\</path>
         <kind>archive</kind>
         <file>freertos_builds_LP_MSPM0G3507_release_ticlang.lib</file>
         <name>queue.o</name>
      </input_file>
      <input_file id="fl-1a">
         <path>C:\Users\kaush\Desktop\LFU BSL\slaaec9\MSPM0 LFU Bootloader Implementation release v1.2\Target_MSPM0G3507_demos\freertos_builds_LP_MSPM0G3507_release_ticlang\Debug\</path>
         <kind>archive</kind>
         <file>freertos_builds_LP_MSPM0G3507_release_ticlang.lib</file>
         <name>tasks.o</name>
      </input_file>
      <input_file id="fl-1b">
         <path>C:\Users\kaush\Desktop\LFU BSL\slaaec9\MSPM0 LFU Bootloader Implementation release v1.2\Target_MSPM0G3507_demos\freertos_builds_LP_MSPM0G3507_release_ticlang\Debug\</path>
         <kind>archive</kind>
         <file>freertos_builds_LP_MSPM0G3507_release_ticlang.lib</file>
         <name>timers.o</name>
      </input_file>
      <input_file id="fl-1c">
         <path>C:\Users\kaush\Desktop\LFU BSL\slaaec9\MSPM0 LFU Bootloader Implementation release v1.2\Target_MSPM0G3507_demos\freertos_builds_LP_MSPM0G3507_release_ticlang\Debug\</path>
         <kind>archive</kind>
         <file>freertos_builds_LP_MSPM0G3507_release_ticlang.lib</file>
         <name>port.o</name>
      </input_file>
      <input_file id="fl-1d">
         <path>C:\Users\kaush\Desktop\LFU BSL\slaaec9\MSPM0 LFU Bootloader Implementation release v1.2\Target_MSPM0G3507_demos\freertos_builds_LP_MSPM0G3507_release_ticlang\Debug\</path>
         <kind>archive</kind>
         <file>freertos_builds_LP_MSPM0G3507_release_ticlang.lib</file>
         <name>PTLS.o</name>
      </input_file>
      <input_file id="fl-1e">
         <path>C:\Users\kaush\Desktop\LFU BSL\slaaec9\MSPM0 LFU Bootloader Implementation release v1.2\Target_MSPM0G3507_demos\freertos_builds_LP_MSPM0G3507_release_ticlang\Debug\</path>
         <kind>archive</kind>
         <file>freertos_builds_LP_MSPM0G3507_release_ticlang.lib</file>
         <name>heap_4.o</name>
      </input_file>
      <input_file id="fl-1f">
         <path>C:\Users\kaush\Desktop\LFU BSL\slaaec9\MSPM0 LFU Bootloader Implementation release v1.2\Target_MSPM0G3507_demos\freertos_builds_LP_MSPM0G3507_release_ticlang\Debug\</path>
         <kind>archive</kind>
         <file>freertos_builds_LP_MSPM0G3507_release_ticlang.lib</file>
         <name>list.o</name>
      </input_file>
      <input_file id="fl-2c">
         <path>C:\ti\ccs1250\ccs\tools\compiler\ti-cgt-armllvm_3.2.0.LTS\lib\armv6m-ti-none-eabi\c\</path>
         <kind>archive</kind>
         <file>libc.a</file>
         <name>boot_cortex_m.c.obj</name>
      </input_file>
      <input_file id="fl-2d">
         <path>C:\ti\ccs1250\ccs\tools\compiler\ti-cgt-armllvm_3.2.0.LTS\lib\armv6m-ti-none-eabi\c\</path>
         <kind>archive</kind>
         <file>libc.a</file>
         <name>mathacl_init.c.obj</name>
      </input_file>
      <input_file id="fl-2e">
         <path>C:\ti\ccs1250\ccs\tools\compiler\ti-cgt-armllvm_3.2.0.LTS\lib\armv6m-ti-none-eabi\c\</path>
         <kind>archive</kind>
         <file>libc.a</file>
         <name>autoinit.c.obj</name>
      </input_file>
      <input_file id="fl-2f">
         <path>C:\ti\ccs1250\ccs\tools\compiler\ti-cgt-armllvm_3.2.0.LTS\lib\armv6m-ti-none-eabi\c\</path>
         <kind>archive</kind>
         <file>libc.a</file>
         <name>pre_init.c.obj</name>
      </input_file>
      <input_file id="fl-30">
         <path>C:\ti\ccs1250\ccs\tools\compiler\ti-cgt-armllvm_3.2.0.LTS\lib\armv6m-ti-none-eabi\c\</path>
         <kind>archive</kind>
         <file>libc.a</file>
         <name>cpy_tbl.c.obj</name>
      </input_file>
      <input_file id="fl-31">
         <path>C:\ti\ccs1250\ccs\tools\compiler\ti-cgt-armllvm_3.2.0.LTS\lib\armv6m-ti-none-eabi\c\</path>
         <kind>archive</kind>
         <file>libc.a</file>
         <name>copy_zero_init.c.obj</name>
      </input_file>
      <input_file id="fl-32">
         <path>C:\ti\ccs1250\ccs\tools\compiler\ti-cgt-armllvm_3.2.0.LTS\lib\armv6m-ti-none-eabi\c\</path>
         <kind>archive</kind>
         <file>libc.a</file>
         <name>copy_decompress_none.c.obj</name>
      </input_file>
      <input_file id="fl-33">
         <path>C:\ti\ccs1250\ccs\tools\compiler\ti-cgt-armllvm_3.2.0.LTS\lib\armv6m-ti-none-eabi\c\</path>
         <kind>archive</kind>
         <file>libc.a</file>
         <name>copy_decompress_lzss.c.obj</name>
      </input_file>
      <input_file id="fl-34">
         <path>C:\ti\ccs1250\ccs\tools\compiler\ti-cgt-armllvm_3.2.0.LTS\lib\armv6m-ti-none-eabi\c\</path>
         <kind>archive</kind>
         <file>libc.a</file>
         <name>exit.c.obj</name>
      </input_file>
      <input_file id="fl-35">
         <path>C:\ti\ccs1250\ccs\tools\compiler\ti-cgt-armllvm_3.2.0.LTS\lib\armv6m-ti-none-eabi\c\</path>
         <kind>archive</kind>
         <file>libc.a</file>
         <name>_lock.c.obj</name>
      </input_file>
      <input_file id="fl-36">
         <path>C:\ti\ccs1250\ccs\tools\compiler\ti-cgt-armllvm_3.2.0.LTS\lib\armv6m-ti-none-eabi\c\</path>
         <kind>archive</kind>
         <file>libc.a</file>
         <name>args_main.c.obj</name>
      </input_file>
      <input_file id="fl-9a">
         <path>C:\ti\ccs1250\ccs\tools\compiler\ti-cgt-armllvm_3.2.0.LTS\lib\clang\15.0.7\lib\armv6m-ti-none-eabi\</path>
         <kind>archive</kind>
         <file>libclang_rt.builtins.a</file>
         <name>aeabi_memcpy.S.obj</name>
      </input_file>
      <input_file id="fl-9b">
         <path>C:\ti\ccs1250\ccs\tools\compiler\ti-cgt-armllvm_3.2.0.LTS\lib\clang\15.0.7\lib\armv6m-ti-none-eabi\</path>
         <kind>archive</kind>
         <file>libclang_rt.builtins.a</file>
         <name>aeabi_memset.S.obj</name>
      </input_file>
      <input_file id="fl-9c">
         <path>C:\ti\ccs1250\ccs\tools\compiler\ti-cgt-armllvm_3.2.0.LTS\lib\clang\15.0.7\lib\armv6m-ti-none-eabi\</path>
         <kind>archive</kind>
         <file>libclang_rt.builtins.a</file>
         <name>aeabi_uidivmod.S.obj</name>
      </input_file>
      <input_file id="fl-9d">
         <path>C:\ti\ccs1250\ccs\tools\compiler\ti-cgt-armllvm_3.2.0.LTS\lib\clang\15.0.7\lib\armv6m-ti-none-eabi\</path>
         <kind>archive</kind>
         <file>libclang_rt.builtins.a</file>
         <name>aeabi_div0.c.obj</name>
      </input_file>
      <input_file id="fl-9e">
         <path>C:\ti\ccs1250\ccs\tools\compiler\ti-cgt-armllvm_3.2.0.LTS\lib\armv6m-ti-none-eabi\c\</path>
         <kind>archive</kind>
         <file>libc.a</file>
         <name>memcpy16.S.obj</name>
      </input_file>
      <input_file id="fl-9f">
         <path>C:\ti\ccs1250\ccs\tools\compiler\ti-cgt-armllvm_3.2.0.LTS\lib\armv6m-ti-none-eabi\c\</path>
         <kind>archive</kind>
         <file>libc.a</file>
         <name>memset16.S.obj</name>
      </input_file>
   </input_file_list>
   <object_component_list>
      <object_component id="oc-19">
         <name>.intvecs</name>
         <load_address>0x0</load_address>
         <readonly>true</readonly>
         <run_address>0x0</run_address>
         <size>0xc0</size>
         <alignment>0x4</alignment>
         <input_file_ref idref="fl-7"/>
      </object_component>
      <object_component id="oc-13f">
         <name>.text.BSL_PI_UART_receive</name>
         <load_address>0xc0</load_address>
         <readonly>true</readonly>
         <executable>true</executable>
         <run_address>0xc0</run_address>
         <size>0x3bc</size>
         <alignment>0x4</alignment>
         <input_file_ref idref="fl-6"/>
      </object_component>
      <object_component id="oc-7f">
         <name>.text.xTaskIncrementTick</name>
         <load_address>0x47c</load_address>
         <readonly>true</readonly>
         <executable>true</executable>
         <run_address>0x47c</run_address>
         <size>0x1f8</size>
         <alignment>0x4</alignment>
         <input_file_ref idref="fl-1a"/>
      </object_component>
      <object_component id="oc-7a">
         <name>.text.xTaskResumeAll</name>
         <load_address>0x674</load_address>
         <readonly>true</readonly>
         <executable>true</executable>
         <run_address>0x674</run_address>
         <size>0x1d4</size>
         <alignment>0x4</alignment>
         <input_file_ref idref="fl-1a"/>
      </object_component>
      <object_component id="oc-128">
         <name>.text.pvPortMalloc</name>
         <load_address>0x848</load_address>
         <readonly>true</readonly>
         <executable>true</executable>
         <run_address>0x848</run_address>
         <size>0x1c0</size>
         <alignment>0x4</alignment>
         <input_file_ref idref="fl-1e"/>
      </object_component>
      <object_component id="oc-185">
         <name>.text.CMD_API_Program_Data</name>
         <load_address>0xa08</load_address>
         <readonly>true</readonly>
         <executable>true</executable>
         <run_address>0xa08</run_address>
         <size>0x1a8</size>
         <alignment>0x4</alignment>
         <input_file_ref idref="fl-1"/>
      </object_component>
      <object_component id="oc-13e">
         <name>.text.xQueueReceive</name>
         <load_address>0xbb0</load_address>
         <readonly>true</readonly>
         <executable>true</executable>
         <run_address>0xbb0</run_address>
         <size>0x1a4</size>
         <alignment>0x2</alignment>
         <input_file_ref idref="fl-19"/>
      </object_component>
      <object_component id="oc-140">
         <name>.text.BSL_CI_interpretCommand</name>
         <load_address>0xd54</load_address>
         <readonly>true</readonly>
         <executable>true</executable>
         <run_address>0xd54</run_address>
         <size>0x1a0</size>
         <alignment>0x4</alignment>
         <input_file_ref idref="fl-1"/>
      </object_component>
      <object_component id="oc-17a">
         <name>.text.vPortSuppressTicksAndSleep</name>
         <load_address>0xef4</load_address>
         <readonly>true</readonly>
         <executable>true</executable>
         <run_address>0xef4</run_address>
         <size>0x188</size>
         <alignment>0x4</alignment>
         <input_file_ref idref="fl-1c"/>
      </object_component>
      <object_component id="oc-c5">
         <name>.text.xTaskRemoveFromEventList</name>
         <load_address>0x107c</load_address>
         <readonly>true</readonly>
         <executable>true</executable>
         <run_address>0x107c</run_address>
         <size>0x178</size>
         <alignment>0x4</alignment>
         <input_file_ref idref="fl-1a"/>
      </object_component>
      <object_component id="oc-1a5">
         <name>.text.prvProcessReceivedCommands</name>
         <load_address>0x11f4</load_address>
         <readonly>true</readonly>
         <executable>true</executable>
         <run_address>0x11f4</run_address>
         <size>0x148</size>
         <alignment>0x4</alignment>
         <input_file_ref idref="fl-1b"/>
      </object_component>
      <object_component id="oc-12f">
         <name>.text.prvInitialiseNewTask</name>
         <load_address>0x133c</load_address>
         <readonly>true</readonly>
         <executable>true</executable>
         <run_address>0x133c</run_address>
         <size>0x12a</size>
         <alignment>0x2</alignment>
         <input_file_ref idref="fl-1a"/>
      </object_component>
      <object_component id="oc-88">
         <name>.text.xQueueGenericSendFromISR</name>
         <load_address>0x1466</load_address>
         <readonly>true</readonly>
         <executable>true</executable>
         <run_address>0x1466</run_address>
         <size>0x120</size>
         <alignment>0x2</alignment>
         <input_file_ref idref="fl-19"/>
      </object_component>
      <object_component id="oc-3f">
         <name>.text.Default_Handler</name>
         <load_address>0x1586</load_address>
         <readonly>true</readonly>
         <executable>true</executable>
         <run_address>0x1586</run_address>
         <size>0x2</size>
         <alignment>0x2</alignment>
         <input_file_ref idref="fl-7"/>
      </object_component>
      <object_component id="oc-188">
         <name>.text.BSL_PI_UART_send</name>
         <load_address>0x1588</load_address>
         <readonly>true</readonly>
         <executable>true</executable>
         <run_address>0x1588</run_address>
         <size>0x11c</size>
         <alignment>0x4</alignment>
         <input_file_ref idref="fl-6"/>
      </object_component>
      <object_component id="oc-47">
         <name>.text.UART0_IRQHandler</name>
         <load_address>0x16a4</load_address>
         <readonly>true</readonly>
         <executable>true</executable>
         <run_address>0x16a4</run_address>
         <size>0x11c</size>
         <alignment>0x4</alignment>
         <input_file_ref idref="fl-3"/>
      </object_component>
      <object_component id="oc-130">
         <name>.text.prvAddNewTaskToReadyList</name>
         <load_address>0x17c0</load_address>
         <readonly>true</readonly>
         <executable>true</executable>
         <run_address>0x17c0</run_address>
         <size>0x118</size>
         <alignment>0x4</alignment>
         <input_file_ref idref="fl-1a"/>
      </object_component>
      <object_component id="oc-108">
         <name>.text.vTaskSuspend</name>
         <load_address>0x18d8</load_address>
         <readonly>true</readonly>
         <executable>true</executable>
         <run_address>0x18d8</run_address>
         <size>0x110</size>
         <alignment>0x4</alignment>
         <input_file_ref idref="fl-1a"/>
      </object_component>
      <object_component id="oc-81">
         <name>.text.eTaskGetState</name>
         <load_address>0x19e8</load_address>
         <readonly>true</readonly>
         <executable>true</executable>
         <run_address>0x19e8</run_address>
         <size>0xfc</size>
         <alignment>0x4</alignment>
         <input_file_ref idref="fl-1a"/>
      </object_component>
      <object_component id="oc-f6">
         <name>.text.xTaskPriorityDisinherit</name>
         <load_address>0x1ae4</load_address>
         <readonly>true</readonly>
         <executable>true</executable>
         <run_address>0x1ae4</run_address>
         <size>0xfc</size>
         <alignment>0x4</alignment>
         <input_file_ref idref="fl-1a"/>
      </object_component>
      <object_component id="oc-8d">
         <name>.text.xTaskResumeFromISR</name>
         <load_address>0x1be0</load_address>
         <readonly>true</readonly>
         <executable>true</executable>
         <run_address>0x1be0</run_address>
         <size>0xf4</size>
         <alignment>0x4</alignment>
         <input_file_ref idref="fl-1a"/>
      </object_component>
      <object_component id="oc-1b">
         <name>.text.vTaskSwitchContext</name>
         <load_address>0x1cd4</load_address>
         <readonly>true</readonly>
         <executable>true</executable>
         <run_address>0x1cd4</run_address>
         <size>0xec</size>
         <alignment>0x4</alignment>
         <input_file_ref idref="fl-1a"/>
      </object_component>
      <object_component id="oc-164">
         <name>.text.xQueueGenericReset</name>
         <load_address>0x1dc0</load_address>
         <readonly>true</readonly>
         <executable>true</executable>
         <run_address>0x1dc0</run_address>
         <size>0xe4</size>
         <alignment>0x2</alignment>
         <input_file_ref idref="fl-19"/>
      </object_component>
      <object_component id="oc-79">
         <name>.text.prvAddCurrentTaskToDelayedList</name>
         <load_address>0x1ea4</load_address>
         <readonly>true</readonly>
         <executable>true</executable>
         <run_address>0x1ea4</run_address>
         <size>0xd8</size>
         <alignment>0x4</alignment>
         <input_file_ref idref="fl-1a"/>
      </object_component>
      <object_component id="oc-d9">
         <name>.text.main_tasks_create</name>
         <load_address>0x1f7c</load_address>
         <readonly>true</readonly>
         <executable>true</executable>
         <run_address>0x1f7c</run_address>
         <size>0xd4</size>
         <alignment>0x4</alignment>
         <input_file_ref idref="fl-3"/>
      </object_component>
      <object_component id="oc-c4">
         <name>.text.prvCopyDataToQueue</name>
         <load_address>0x2050</load_address>
         <readonly>true</readonly>
         <executable>true</executable>
         <run_address>0x2050</run_address>
         <size>0xd4</size>
         <alignment>0x2</alignment>
         <input_file_ref idref="fl-19"/>
      </object_component>
      <object_component id="oc-15b">
         <name>.text.prvInsertBlockIntoFreeList</name>
         <load_address>0x2124</load_address>
         <readonly>true</readonly>
         <executable>true</executable>
         <run_address>0x2124</run_address>
         <size>0xbc</size>
         <alignment>0x4</alignment>
         <input_file_ref idref="fl-1e"/>
      </object_component>
      <object_component id="oc-109">
         <name>.text.vTaskStartScheduler</name>
         <load_address>0x21e0</load_address>
         <readonly>true</readonly>
         <executable>true</executable>
         <run_address>0x21e0</run_address>
         <size>0xbc</size>
         <alignment>0x4</alignment>
         <input_file_ref idref="fl-1a"/>
      </object_component>
      <object_component id="oc-181">
         <name>.text.prvUnlockQueue</name>
         <load_address>0x229c</load_address>
         <readonly>true</readonly>
         <executable>true</executable>
         <run_address>0x229c</run_address>
         <size>0xb6</size>
         <alignment>0x2</alignment>
         <input_file_ref idref="fl-19"/>
      </object_component>
      <object_component id="oc-40">
         <name>.text.SVC_Handler</name>
         <load_address>0x2352</load_address>
         <readonly>true</readonly>
         <executable>true</executable>
         <run_address>0x2352</run_address>
         <size>0x2</size>
         <alignment>0x2</alignment>
         <input_file_ref idref="fl-1c"/>
      </object_component>
      <object_component id="oc-17e">
         <name>.text.xTaskCheckForTimeOut</name>
         <load_address>0x2354</load_address>
         <readonly>true</readonly>
         <executable>true</executable>
         <run_address>0x2354</run_address>
         <size>0xb4</size>
         <alignment>0x4</alignment>
         <input_file_ref idref="fl-1a"/>
      </object_component>
      <object_component id="oc-15a">
         <name>.text.prvHeapInit</name>
         <load_address>0x2408</load_address>
         <readonly>true</readonly>
         <executable>true</executable>
         <run_address>0x2408</run_address>
         <size>0xb0</size>
         <alignment>0x4</alignment>
         <input_file_ref idref="fl-1e"/>
      </object_component>
      <object_component id="oc-187">
         <name>.text.CMD_API_startApplication</name>
         <load_address>0x24b8</load_address>
         <readonly>true</readonly>
         <executable>true</executable>
         <run_address>0x24b8</run_address>
         <size>0xa0</size>
         <alignment>0x4</alignment>
         <input_file_ref idref="fl-3"/>
      </object_component>
      <object_component id="oc-12e">
         <name>.text.vPortFree</name>
         <load_address>0x2558</load_address>
         <readonly>true</readonly>
         <executable>true</executable>
         <run_address>0x2558</run_address>
         <size>0xa0</size>
         <alignment>0x4</alignment>
         <input_file_ref idref="fl-1e"/>
      </object_component>
      <object_component id="oc-19a">
         <name>.text.xQueueGenericCreateStatic</name>
         <load_address>0x25f8</load_address>
         <readonly>true</readonly>
         <executable>true</executable>
         <run_address>0x25f8</run_address>
         <size>0xa0</size>
         <alignment>0x2</alignment>
         <input_file_ref idref="fl-19"/>
      </object_component>
      <object_component id="oc-cf">
         <name>.text:memcpy</name>
         <load_address>0x2698</load_address>
         <readonly>true</readonly>
         <executable>true</executable>
         <run_address>0x2698</run_address>
         <size>0x9a</size>
         <alignment>0x1</alignment>
         <input_file_ref idref="fl-9e"/>
      </object_component>
      <object_component id="oc-106">
         <name>.text.xQueueGenericCreate</name>
         <load_address>0x2732</load_address>
         <readonly>true</readonly>
         <executable>true</executable>
         <run_address>0x2732</run_address>
         <size>0x94</size>
         <alignment>0x2</alignment>
         <input_file_ref idref="fl-19"/>
      </object_component>
      <object_component id="oc-133">
         <name>.text.xTaskCreateStatic</name>
         <load_address>0x27c6</load_address>
         <readonly>true</readonly>
         <executable>true</executable>
         <run_address>0x27c6</run_address>
         <size>0x94</size>
         <alignment>0x2</alignment>
         <input_file_ref idref="fl-1a"/>
      </object_component>
      <object_component id="oc-107">
         <name>.text.xTaskCreate</name>
         <load_address>0x285a</load_address>
         <readonly>true</readonly>
         <executable>true</executable>
         <run_address>0x285a</run_address>
         <size>0x92</size>
         <alignment>0x2</alignment>
         <input_file_ref idref="fl-1a"/>
      </object_component>
      <object_component id="oc-186">
         <name>.text.CMD_API_Unlock_BSL</name>
         <load_address>0x28ec</load_address>
         <readonly>true</readonly>
         <executable>true</executable>
         <run_address>0x28ec</run_address>
         <size>0x8c</size>
         <alignment>0x4</alignment>
         <input_file_ref idref="fl-1"/>
      </object_component>
      <object_component id="oc-1a4">
         <name>.text.prvProcessTimerOrBlockTask</name>
         <load_address>0x2978</load_address>
         <readonly>true</readonly>
         <executable>true</executable>
         <run_address>0x2978</run_address>
         <size>0x8c</size>
         <alignment>0x4</alignment>
         <input_file_ref idref="fl-1b"/>
      </object_component>
      <object_component id="oc-1b7">
         <name>.text.prvInsertTimerInActiveList</name>
         <load_address>0x2a04</load_address>
         <readonly>true</readonly>
         <executable>true</executable>
         <run_address>0x2a04</run_address>
         <size>0x84</size>
         <alignment>0x4</alignment>
         <input_file_ref idref="fl-1b"/>
      </object_component>
      <object_component id="oc-189">
         <name>.text.DL_FlashCTL_unprotectSector</name>
         <load_address>0x2a88</load_address>
         <readonly>true</readonly>
         <executable>true</executable>
         <run_address>0x2a88</run_address>
         <size>0x80</size>
         <alignment>0x4</alignment>
         <input_file_ref idref="fl-2"/>
      </object_component>
      <object_component id="oc-1ab">
         <name>.text.eTaskConfirmSleepModeStatus</name>
         <load_address>0x2b08</load_address>
         <readonly>true</readonly>
         <executable>true</executable>
         <run_address>0x2b08</run_address>
         <size>0x7c</size>
         <alignment>0x4</alignment>
         <input_file_ref idref="fl-1a"/>
      </object_component>
      <object_component id="oc-169">
         <name>.text.prvInitialiseTaskLists</name>
         <load_address>0x2b84</load_address>
         <readonly>true</readonly>
         <executable>true</executable>
         <run_address>0x2b84</run_address>
         <size>0x7c</size>
         <alignment>0x4</alignment>
         <input_file_ref idref="fl-1a"/>
      </object_component>
      <object_component id="oc-134">
         <name>.text.xTimerCreateTimerTask</name>
         <load_address>0x2c00</load_address>
         <readonly>true</readonly>
         <executable>true</executable>
         <run_address>0x2c00</run_address>
         <size>0x7c</size>
         <alignment>0x4</alignment>
         <input_file_ref idref="fl-1b"/>
      </object_component>
      <object_component id="oc-103">
         <name>.text.SYSCFG_DL_UART_0_init</name>
         <load_address>0x2c7c</load_address>
         <readonly>true</readonly>
         <executable>true</executable>
         <run_address>0x2c7c</run_address>
         <size>0x78</size>
         <alignment>0x4</alignment>
         <input_file_ref idref="fl-5"/>
      </object_component>
      <object_component id="oc-22">
         <name>.text:decompress:lzss</name>
         <load_address>0x2cf4</load_address>
         <readonly>true</readonly>
         <executable>true</executable>
         <run_address>0x2cf4</run_address>
         <size>0x78</size>
         <alignment>0x4</alignment>
         <input_file_ref idref="fl-33"/>
      </object_component>
      <object_component id="oc-179">
         <name>.text.prvGetExpectedIdleTime</name>
         <load_address>0x2d6c</load_address>
         <readonly>true</readonly>
         <executable>true</executable>
         <run_address>0x2d6c</run_address>
         <size>0x74</size>
         <alignment>0x4</alignment>
         <input_file_ref idref="fl-1a"/>
      </object_component>
      <object_component id="oc-1bc">
         <name>.text.vTaskPlaceOnEventListRestricted</name>
         <load_address>0x2de0</load_address>
         <readonly>true</readonly>
         <executable>true</executable>
         <run_address>0x2de0</run_address>
         <size>0x70</size>
         <alignment>0x4</alignment>
         <input_file_ref idref="fl-1a"/>
      </object_component>
      <object_component id="oc-16d">
         <name>.text.prvCheckForValidListAndQueue</name>
         <load_address>0x2e50</load_address>
         <readonly>true</readonly>
         <executable>true</executable>
         <run_address>0x2e50</run_address>
         <size>0x6c</size>
         <alignment>0x4</alignment>
         <input_file_ref idref="fl-1b"/>
      </object_component>
      <object_component id="oc-b4">
         <name>.text.vListInsert</name>
         <load_address>0x2ebc</load_address>
         <readonly>true</readonly>
         <executable>true</executable>
         <run_address>0x2ebc</run_address>
         <size>0x6c</size>
         <alignment>0x2</alignment>
         <input_file_ref idref="fl-1f"/>
      </object_component>
      <object_component id="oc-1b6">
         <name>.text.vQueueWaitForMessageRestricted</name>
         <load_address>0x2f28</load_address>
         <readonly>true</readonly>
         <executable>true</executable>
         <run_address>0x2f28</run_address>
         <size>0x6a</size>
         <alignment>0x2</alignment>
         <input_file_ref idref="fl-19"/>
      </object_component>
      <object_component id="oc-fd">
         <name>.text:memset</name>
         <load_address>0x2f92</load_address>
         <readonly>true</readonly>
         <executable>true</executable>
         <run_address>0x2f92</run_address>
         <size>0x62</size>
         <alignment>0x1</alignment>
         <input_file_ref idref="fl-9f"/>
      </object_component>
      <object_component id="oc-13a">
         <name>.text.prvIdleTask</name>
         <load_address>0x2ff4</load_address>
         <readonly>true</readonly>
         <executable>true</executable>
         <run_address>0x2ff4</run_address>
         <size>0x5c</size>
         <alignment>0x4</alignment>
         <input_file_ref idref="fl-1a"/>
      </object_component>
      <object_component id="oc-c8">
         <name>.text.prvTaskIsTaskSuspended</name>
         <load_address>0x3050</load_address>
         <readonly>true</readonly>
         <executable>true</executable>
         <run_address>0x3050</run_address>
         <size>0x5c</size>
         <alignment>0x4</alignment>
         <input_file_ref idref="fl-1a"/>
      </object_component>
      <object_component id="oc-175">
         <name>.text.vPortSetupTimerInterrupt</name>
         <load_address>0x30ac</load_address>
         <readonly>true</readonly>
         <executable>true</executable>
         <run_address>0x30ac</run_address>
         <size>0x54</size>
         <alignment>0x4</alignment>
         <input_file_ref idref="fl-1c"/>
      </object_component>
      <object_component id="oc-178">
         <name>.text.prvCheckTasksWaitingTermination</name>
         <load_address>0x3100</load_address>
         <readonly>true</readonly>
         <executable>true</executable>
         <run_address>0x3100</run_address>
         <size>0x50</size>
         <alignment>0x4</alignment>
         <input_file_ref idref="fl-1a"/>
      </object_component>
      <object_component id="oc-1a9">
         <name>.text.prvDeleteTCB</name>
         <load_address>0x3150</load_address>
         <readonly>true</readonly>
         <executable>true</executable>
         <run_address>0x3150</run_address>
         <size>0x50</size>
         <alignment>0x2</alignment>
         <input_file_ref idref="fl-1a"/>
      </object_component>
      <object_component id="oc-1b5">
         <name>.text.prvProcessExpiredTimer</name>
         <load_address>0x31a0</load_address>
         <readonly>true</readonly>
         <executable>true</executable>
         <run_address>0x31a0</run_address>
         <size>0x50</size>
         <alignment>0x4</alignment>
         <input_file_ref idref="fl-1b"/>
      </object_component>
      <object_component id="oc-35">
         <name>.text.vTaskDelay</name>
         <load_address>0x31f0</load_address>
         <readonly>true</readonly>
         <executable>true</executable>
         <run_address>0x31f0</run_address>
         <size>0x50</size>
         <alignment>0x4</alignment>
         <input_file_ref idref="fl-1a"/>
      </object_component>
      <object_component id="oc-121">
         <name>.text.DL_UART_init</name>
         <load_address>0x3240</load_address>
         <readonly>true</readonly>
         <executable>true</executable>
         <run_address>0x3240</run_address>
         <size>0x4c</size>
         <alignment>0x4</alignment>
         <input_file_ref idref="fl-17"/>
      </object_component>
      <object_component id="oc-119">
         <name>.text.copy_in</name>
         <load_address>0x328c</load_address>
         <readonly>true</readonly>
         <executable>true</executable>
         <run_address>0x328c</run_address>
         <size>0x4c</size>
         <alignment>0x4</alignment>
         <input_file_ref idref="fl-30"/>
      </object_component>
      <object_component id="oc-168">
         <name>.text.pxPortInitialiseStack</name>
         <load_address>0x32d8</load_address>
         <readonly>true</readonly>
         <executable>true</executable>
         <run_address>0x32d8</run_address>
         <size>0x4c</size>
         <alignment>0x4</alignment>
         <input_file_ref idref="fl-1c"/>
      </object_component>
      <object_component id="oc-e8">
         <name>.text:__TI_auto_init_nopinit</name>
         <load_address>0x3324</load_address>
         <readonly>true</readonly>
         <executable>true</executable>
         <run_address>0x3324</run_address>
         <size>0x4c</size>
         <alignment>0x4</alignment>
         <input_file_ref idref="fl-2e"/>
      </object_component>
      <object_component id="oc-af">
         <name>.text.uxListRemove</name>
         <load_address>0x3370</load_address>
         <readonly>true</readonly>
         <executable>true</executable>
         <run_address>0x3370</run_address>
         <size>0x48</size>
         <alignment>0x2</alignment>
         <input_file_ref idref="fl-1f"/>
      </object_component>
      <object_component id="oc-12d">
         <name>.text.prvInitialiseNewQueue</name>
         <load_address>0x33b8</load_address>
         <readonly>true</readonly>
         <executable>true</executable>
         <run_address>0x33b8</run_address>
         <size>0x46</size>
         <alignment>0x2</alignment>
         <input_file_ref idref="fl-19"/>
      </object_component>
      <object_component id="oc-154">
         <name>.text.__aeabi_idiv0</name>
         <load_address>0x33fe</load_address>
         <readonly>true</readonly>
         <executable>true</executable>
         <run_address>0x33fe</run_address>
         <size>0x2</size>
         <alignment>0x2</alignment>
         <input_file_ref idref="fl-9d"/>
      </object_component>
      <object_component id="oc-45">
         <name>.text.PendSV_Handler</name>
         <load_address>0x3400</load_address>
         <readonly>true</readonly>
         <executable>true</executable>
         <run_address>0x3400</run_address>
         <size>0x44</size>
         <alignment>0x10</alignment>
         <input_file_ref idref="fl-1c"/>
      </object_component>
      <object_component id="oc-100">
         <name>.text.SYSCFG_DL_SYSCTL_init</name>
         <load_address>0x3444</load_address>
         <readonly>true</readonly>
         <executable>true</executable>
         <run_address>0x3444</run_address>
         <size>0x44</size>
         <alignment>0x4</alignment>
         <input_file_ref idref="fl-5"/>
      </object_component>
      <object_component id="oc-17c">
         <name>.text.prvCopyDataFromQueue</name>
         <load_address>0x3488</load_address>
         <readonly>true</readonly>
         <executable>true</executable>
         <run_address>0x3488</run_address>
         <size>0x44</size>
         <alignment>0x2</alignment>
         <input_file_ref idref="fl-19"/>
      </object_component>
      <object_component id="oc-1ba">
         <name>.text.prvSwitchTimerLists</name>
         <load_address>0x34cc</load_address>
         <readonly>true</readonly>
         <executable>true</executable>
         <run_address>0x34cc</run_address>
         <size>0x44</size>
         <alignment>0x4</alignment>
         <input_file_ref idref="fl-1b"/>
      </object_component>
      <object_component id="oc-fe">
         <name>.text.SYSCFG_DL_initPower</name>
         <load_address>0x3510</load_address>
         <readonly>true</readonly>
         <executable>true</executable>
         <run_address>0x3510</run_address>
         <size>0x40</size>
         <alignment>0x4</alignment>
         <input_file_ref idref="fl-5"/>
      </object_component>
      <object_component id="oc-124">
         <name>.text.__aeabi_uidivmod</name>
         <load_address>0x3550</load_address>
         <readonly>true</readonly>
         <executable>true</executable>
         <run_address>0x3550</run_address>
         <size>0x40</size>
         <alignment>0x4</alignment>
         <input_file_ref idref="fl-9c"/>
      </object_component>
      <object_component id="oc-10a">
         <name>.text.prvBootloader_Task</name>
         <load_address>0x3590</load_address>
         <readonly>true</readonly>
         <executable>true</executable>
         <run_address>0x3590</run_address>
         <size>0x40</size>
         <alignment>0x4</alignment>
         <input_file_ref idref="fl-3"/>
      </object_component>
      <object_component id="oc-139">
         <name>.text.xPortStartScheduler</name>
         <load_address>0x35d0</load_address>
         <readonly>true</readonly>
         <executable>true</executable>
         <run_address>0x35d0</run_address>
         <size>0x40</size>
         <alignment>0x4</alignment>
         <input_file_ref idref="fl-1c"/>
      </object_component>
      <object_component id="oc-1b4">
         <name>.text.prvSampleTimeNow</name>
         <load_address>0x3610</load_address>
         <readonly>true</readonly>
         <executable>true</executable>
         <run_address>0x3610</run_address>
         <size>0x3c</size>
         <alignment>0x4</alignment>
         <input_file_ref idref="fl-1b"/>
      </object_component>
      <object_component id="oc-c9">
         <name>.text.vListInsertEnd</name>
         <load_address>0x364c</load_address>
         <readonly>true</readonly>
         <executable>true</executable>
         <run_address>0x364c</run_address>
         <size>0x3a</size>
         <alignment>0x2</alignment>
         <input_file_ref idref="fl-1f"/>
      </object_component>
      <object_component id="oc-1a3">
         <name>.text.prvGetNextExpireTime</name>
         <load_address>0x3688</load_address>
         <readonly>true</readonly>
         <executable>true</executable>
         <run_address>0x3688</run_address>
         <size>0x38</size>
         <alignment>0x4</alignment>
         <input_file_ref idref="fl-1b"/>
      </object_component>
      <object_component id="oc-17b">
         <name>.text.xTaskGetSchedulerState</name>
         <load_address>0x36c0</load_address>
         <readonly>true</readonly>
         <executable>true</executable>
         <run_address>0x36c0</run_address>
         <size>0x38</size>
         <alignment>0x4</alignment>
         <input_file_ref idref="fl-1a"/>
      </object_component>
      <object_component id="oc-1b8">
         <name>.text.prvReloadTimer</name>
         <load_address>0x36f8</load_address>
         <readonly>true</readonly>
         <executable>true</executable>
         <run_address>0x36f8</run_address>
         <size>0x36</size>
         <alignment>0x2</alignment>
         <input_file_ref idref="fl-1b"/>
      </object_component>
      <object_component id="oc-11f">
         <name>.text.DL_SYSCTL_switchMCLKfromLFCLKtoSYSOSC</name>
         <load_address>0x3730</load_address>
         <readonly>true</readonly>
         <executable>true</executable>
         <run_address>0x3730</run_address>
         <size>0x34</size>
         <alignment>0x4</alignment>
         <input_file_ref idref="fl-18"/>
      </object_component>
      <object_component id="oc-151">
         <name>.text.DL_SYSCTL_getClockStatus</name>
         <load_address>0x3764</load_address>
         <readonly>true</readonly>
         <executable>true</executable>
         <run_address>0x3764</run_address>
         <size>0xc</size>
         <alignment>0x4</alignment>
         <input_file_ref idref="fl-18"/>
      </object_component>
      <object_component id="oc-176">
         <name>.text.vPortStartFirstTask</name>
         <load_address>0x3770</load_address>
         <readonly>true</readonly>
         <executable>true</executable>
         <run_address>0x3770</run_address>
         <size>0x34</size>
         <alignment>0x10</alignment>
         <input_file_ref idref="fl-1c"/>
      </object_component>
      <object_component id="oc-180">
         <name>.text.vTaskPlaceOnEventList</name>
         <load_address>0x37a4</load_address>
         <readonly>true</readonly>
         <executable>true</executable>
         <run_address>0x37a4</run_address>
         <size>0x34</size>
         <alignment>0x4</alignment>
         <input_file_ref idref="fl-1a"/>
      </object_component>
      <object_component id="oc-1ac">
         <name>.text.vTaskStepTick</name>
         <load_address>0x37d8</load_address>
         <readonly>true</readonly>
         <executable>true</executable>
         <run_address>0x37d8</run_address>
         <size>0x34</size>
         <alignment>0x4</alignment>
         <input_file_ref idref="fl-1a"/>
      </object_component>
      <object_component id="oc-bb">
         <name>.text.prvResetNextTaskUnblockTime</name>
         <load_address>0x380c</load_address>
         <readonly>true</readonly>
         <executable>true</executable>
         <run_address>0x380c</run_address>
         <size>0x30</size>
         <alignment>0x4</alignment>
         <input_file_ref idref="fl-1a"/>
      </object_component>
      <object_component id="oc-177">
         <name>.text.prvTaskExitError</name>
         <load_address>0x383c</load_address>
         <readonly>true</readonly>
         <executable>true</executable>
         <run_address>0x383c</run_address>
         <size>0x30</size>
         <alignment>0x4</alignment>
         <input_file_ref idref="fl-1c"/>
      </object_component>
      <object_component id="oc-46">
         <name>.text.SysTick_Handler</name>
         <load_address>0x386c</load_address>
         <readonly>true</readonly>
         <executable>true</executable>
         <run_address>0x386c</run_address>
         <size>0x2c</size>
         <alignment>0x4</alignment>
         <input_file_ref idref="fl-1c"/>
      </object_component>
      <object_component id="oc-197">
         <name>.text.vListInitialise</name>
         <load_address>0x3898</load_address>
         <readonly>true</readonly>
         <executable>true</executable>
         <run_address>0x3898</run_address>
         <size>0x2c</size>
         <alignment>0x2</alignment>
         <input_file_ref idref="fl-1f"/>
      </object_component>
      <object_component id="oc-bc">
         <name>.text.vPortExitCritical</name>
         <load_address>0x38c4</load_address>
         <readonly>true</readonly>
         <executable>true</executable>
         <run_address>0x38c4</run_address>
         <size>0x2c</size>
         <alignment>0x4</alignment>
         <input_file_ref idref="fl-1c"/>
      </object_component>
      <object_component id="oc-17f">
         <name>.text.prvIsQueueEmpty</name>
         <load_address>0x38f0</load_address>
         <readonly>true</readonly>
         <executable>true</executable>
         <run_address>0x38f0</run_address>
         <size>0x2a</size>
         <alignment>0x2</alignment>
         <input_file_ref idref="fl-19"/>
      </object_component>
      <object_component id="oc-82">
         <name>.text.BSL_PI_sendByte</name>
         <load_address>0x391c</load_address>
         <readonly>true</readonly>
         <executable>true</executable>
         <run_address>0x391c</run_address>
         <size>0x28</size>
         <alignment>0x4</alignment>
         <input_file_ref idref="fl-6"/>
      </object_component>
      <object_component id="oc-153">
         <name>.text.DL_Common_updateReg</name>
         <load_address>0x3944</load_address>
         <readonly>true</readonly>
         <executable>true</executable>
         <run_address>0x3944</run_address>
         <size>0x28</size>
         <alignment>0x2</alignment>
         <input_file_ref idref="fl-17"/>
      </object_component>
      <object_component id="oc-d4">
         <name>.text.SYSCFG_DL_init</name>
         <load_address>0x396c</load_address>
         <readonly>true</readonly>
         <executable>true</executable>
         <run_address>0x396c</run_address>
         <size>0x28</size>
         <alignment>0x4</alignment>
         <input_file_ref idref="fl-5"/>
      </object_component>
      <object_component id="oc-10d">
         <name>.text.prvRTOS_LED0_Toggle_Task</name>
         <load_address>0x3994</load_address>
         <readonly>true</readonly>
         <executable>true</executable>
         <run_address>0x3994</run_address>
         <size>0x28</size>
         <alignment>0x4</alignment>
         <input_file_ref idref="fl-3"/>
      </object_component>
      <object_component id="oc-71">
         <name>.text:_c_int00_noargs</name>
         <load_address>0x39bc</load_address>
         <readonly>true</readonly>
         <executable>true</executable>
         <run_address>0x39bc</run_address>
         <size>0x28</size>
         <alignment>0x4</alignment>
         <input_file_ref idref="fl-2c"/>
      </object_component>
      <object_component id="oc-1ae">
         <name>.text.DL_FlashCTL_programMemory64WithECCGenerated</name>
         <load_address>0x39e4</load_address>
         <readonly>true</readonly>
         <executable>true</executable>
         <run_address>0x39e4</run_address>
         <size>0x24</size>
         <alignment>0x4</alignment>
         <input_file_ref idref="fl-2"/>
      </object_component>
      <object_component id="oc-120">
         <name>.text.DL_UART_setClockConfig</name>
         <load_address>0x3a08</load_address>
         <readonly>true</readonly>
         <executable>true</executable>
         <run_address>0x3a08</run_address>
         <size>0x24</size>
         <alignment>0x4</alignment>
         <input_file_ref idref="fl-17"/>
      </object_component>
      <object_component id="oc-ff">
         <name>.text.SYSCFG_DL_GPIO_init</name>
         <load_address>0x3a2c</load_address>
         <readonly>true</readonly>
         <executable>true</executable>
         <run_address>0x3a2c</run_address>
         <size>0x24</size>
         <alignment>0x4</alignment>
         <input_file_ref idref="fl-5"/>
      </object_component>
      <object_component id="oc-102">
         <name>.text.SYSCFG_DL_SYSCTL_CLK_init</name>
         <load_address>0x3a50</load_address>
         <readonly>true</readonly>
         <executable>true</executable>
         <run_address>0x3a50</run_address>
         <size>0x20</size>
         <alignment>0x4</alignment>
         <input_file_ref idref="fl-5"/>
      </object_component>
      <object_component id="oc-17d">
         <name>.text.vTaskInternalSetTimeOutState</name>
         <load_address>0x3a70</load_address>
         <readonly>true</readonly>
         <executable>true</executable>
         <run_address>0x3a70</run_address>
         <size>0x20</size>
         <alignment>0x4</alignment>
         <input_file_ref idref="fl-1a"/>
      </object_component>
      <object_component id="oc-170">
         <name>.text.prvTimerTask</name>
         <load_address>0x3a90</load_address>
         <readonly>true</readonly>
         <executable>true</executable>
         <run_address>0x3a90</run_address>
         <size>0x1e</size>
         <alignment>0x2</alignment>
         <input_file_ref idref="fl-1b"/>
      </object_component>
      <object_component id="oc-1af">
         <name>.text.DL_FlashCTL_programMemory32WithECCGenerated</name>
         <load_address>0x3aae</load_address>
         <readonly>true</readonly>
         <executable>true</executable>
         <run_address>0x3aae</run_address>
         <size>0x1c</size>
         <alignment>0x2</alignment>
         <input_file_ref idref="fl-2"/>
      </object_component>
      <object_component id="oc-18f">
         <name>.text.DL_FlashCTL_eraseMemoryFromRAM</name>
         <load_address>0x3acc</load_address>
         <readonly>true</readonly>
         <executable>true</executable>
         <run_address>0x3acc</run_address>
         <size>0x18</size>
         <alignment>0x4</alignment>
         <input_file_ref idref="fl-2"/>
      </object_component>
      <object_component id="oc-201">
         <name>.tramp.DL_FlashCTL_executeCommandFromRAM.1</name>
         <load_address>0x3ae4</load_address>
         <readonly>true</readonly>
         <executable>true</executable>
         <run_address>0x3ae4</run_address>
         <size>0x10</size>
         <alignment>0x4</alignment>
         <input_file_ref idref="fl-2"/>
      </object_component>
      <object_component id="oc-132">
         <name>.text.vApplicationGetIdleTaskMemory</name>
         <load_address>0x3af4</load_address>
         <readonly>true</readonly>
         <executable>true</executable>
         <run_address>0x3af4</run_address>
         <size>0x18</size>
         <alignment>0x4</alignment>
         <input_file_ref idref="fl-4"/>
      </object_component>
      <object_component id="oc-16e">
         <name>.text.vApplicationGetTimerTaskMemory</name>
         <load_address>0x3b0c</load_address>
         <readonly>true</readonly>
         <executable>true</executable>
         <run_address>0x3b0c</run_address>
         <size>0x18</size>
         <alignment>0x4</alignment>
         <input_file_ref idref="fl-4"/>
      </object_component>
      <object_component id="oc-ba">
         <name>.text.vPortEnterCritical</name>
         <load_address>0x3b24</load_address>
         <readonly>true</readonly>
         <executable>true</executable>
         <run_address>0x3b24</run_address>
         <size>0x18</size>
         <alignment>0x4</alignment>
         <input_file_ref idref="fl-1c"/>
      </object_component>
      <object_component id="oc-7b">
         <name>.text.vPortYield</name>
         <load_address>0x3b3c</load_address>
         <readonly>true</readonly>
         <executable>true</executable>
         <run_address>0x3b3c</run_address>
         <size>0x18</size>
         <alignment>0x4</alignment>
         <input_file_ref idref="fl-1c"/>
      </object_component>
      <object_component id="oc-1b0">
         <name>.text.DL_FlashCTL_eraseMemory</name>
         <load_address>0x3b54</load_address>
         <readonly>true</readonly>
         <executable>true</executable>
         <run_address>0x3b54</run_address>
         <size>0x16</size>
         <alignment>0x2</alignment>
         <input_file_ref idref="fl-2"/>
      </object_component>
      <object_component id="oc-152">
         <name>.text.DL_UART_disable</name>
         <load_address>0x3b6a</load_address>
         <readonly>true</readonly>
         <executable>true</executable>
         <run_address>0x3b6a</run_address>
         <size>0x16</size>
         <alignment>0x2</alignment>
         <input_file_ref idref="fl-17"/>
      </object_component>
      <object_component id="oc-1b9">
         <name>.text.xTaskGetTickCount</name>
         <load_address>0x3b80</load_address>
         <readonly>true</readonly>
         <executable>true</executable>
         <run_address>0x3b80</run_address>
         <size>0x14</size>
         <alignment>0x4</alignment>
         <input_file_ref idref="fl-1a"/>
      </object_component>
      <object_component id="oc-26">
         <name>.text:decompress:none</name>
         <load_address>0x3b94</load_address>
         <readonly>true</readonly>
         <executable>true</executable>
         <run_address>0x3b94</run_address>
         <size>0x12</size>
         <alignment>0x2</alignment>
         <input_file_ref idref="fl-32"/>
      </object_component>
      <object_component id="oc-11e">
         <name>.text.DL_Common_delayCycles</name>
         <load_address>0x3ba6</load_address>
         <readonly>true</readonly>
         <executable>true</executable>
         <run_address>0x3ba6</run_address>
         <size>0x10</size>
         <alignment>0x2</alignment>
         <input_file_ref idref="fl-16"/>
      </object_component>
      <object_component id="oc-78">
         <name>.text.vTaskSuspendAll</name>
         <load_address>0x3bb8</load_address>
         <readonly>true</readonly>
         <executable>true</executable>
         <run_address>0x3bb8</run_address>
         <size>0x10</size>
         <alignment>0x4</alignment>
         <input_file_ref idref="fl-1a"/>
      </object_component>
      <object_component id="oc-6e">
         <name>.text:decompress:ZI</name>
         <load_address>0x3bc8</load_address>
         <readonly>true</readonly>
         <executable>true</executable>
         <run_address>0x3bc8</run_address>
         <size>0x10</size>
         <alignment>0x2</alignment>
         <input_file_ref idref="fl-31"/>
      </object_component>
      <object_component id="oc-166">
         <name>.text.__aeabi_memset</name>
         <load_address>0x3bd8</load_address>
         <readonly>true</readonly>
         <executable>true</executable>
         <run_address>0x3bd8</run_address>
         <size>0xe</size>
         <alignment>0x4</alignment>
         <input_file_ref idref="fl-9b"/>
      </object_component>
      <object_component id="oc-a4">
         <name>.text.main</name>
         <load_address>0x3be6</load_address>
         <readonly>true</readonly>
         <executable>true</executable>
         <run_address>0x3be6</run_address>
         <size>0xe</size>
         <alignment>0x2</alignment>
         <input_file_ref idref="fl-4"/>
      </object_component>
      <object_component id="oc-167">
         <name>.text.vListInitialiseItem</name>
         <load_address>0x3bf4</load_address>
         <readonly>true</readonly>
         <executable>true</executable>
         <run_address>0x3bf4</run_address>
         <size>0xe</size>
         <alignment>0x2</alignment>
         <input_file_ref idref="fl-1f"/>
      </object_component>
      <object_component id="oc-9b">
         <name>.text.__aeabi_memclr</name>
         <load_address>0x3c04</load_address>
         <readonly>true</readonly>
         <executable>true</executable>
         <run_address>0x3c04</run_address>
         <size>0xc</size>
         <alignment>0x4</alignment>
         <input_file_ref idref="fl-9b"/>
      </object_component>
      <object_component id="oc-1ad">
         <name>.text.vTaskMissedYield</name>
         <load_address>0x3c10</load_address>
         <readonly>true</readonly>
         <executable>true</executable>
         <run_address>0x3c10</run_address>
         <size>0xc</size>
         <alignment>0x4</alignment>
         <input_file_ref idref="fl-1a"/>
      </object_component>
      <object_component id="oc-61">
         <name>.text.__aeabi_memcpy</name>
         <load_address>0x3c1c</load_address>
         <readonly>true</readonly>
         <executable>true</executable>
         <run_address>0x3c1c</run_address>
         <size>0x8</size>
         <alignment>0x4</alignment>
         <input_file_ref idref="fl-9a"/>
      </object_component>
      <object_component id="oc-7e">
         <name>.text.ulSetInterruptMaskFromISR</name>
         <load_address>0x3c24</load_address>
         <readonly>true</readonly>
         <executable>true</executable>
         <run_address>0x3c24</run_address>
         <size>0x8</size>
         <alignment>0x2</alignment>
         <input_file_ref idref="fl-1c"/>
      </object_component>
      <object_component id="oc-80">
         <name>.text.vClearInterruptMaskFromISR</name>
         <load_address>0x3c2c</load_address>
         <readonly>true</readonly>
         <executable>true</executable>
         <run_address>0x3c2c</run_address>
         <size>0x6</size>
         <alignment>0x2</alignment>
         <input_file_ref idref="fl-1c"/>
      </object_component>
      <object_component id="oc-3b">
         <name>.text.Reset_Handler</name>
         <load_address>0x3c32</load_address>
         <readonly>true</readonly>
         <executable>true</executable>
         <run_address>0x3c32</run_address>
         <size>0x4</size>
         <alignment>0x2</alignment>
         <input_file_ref idref="fl-7"/>
      </object_component>
      <object_component id="oc-a0">
         <name>.text._system_pre_init</name>
         <load_address>0x3c36</load_address>
         <readonly>true</readonly>
         <executable>true</executable>
         <run_address>0x3c36</run_address>
         <size>0x4</size>
         <alignment>0x2</alignment>
         <input_file_ref idref="fl-2f"/>
      </object_component>
      <object_component id="oc-4f">
         <name>.text.vApplicationStackOverflowHook</name>
         <load_address>0x3c3a</load_address>
         <readonly>true</readonly>
         <executable>true</executable>
         <run_address>0x3c3a</run_address>
         <size>0x4</size>
         <alignment>0x2</alignment>
         <input_file_ref idref="fl-4"/>
      </object_component>
      <object_component id="oc-da">
         <name>.text:abort</name>
         <load_address>0x3c3e</load_address>
         <readonly>true</readonly>
         <executable>true</executable>
         <run_address>0x3c3e</run_address>
         <size>0x4</size>
         <alignment>0x2</alignment>
         <input_file_ref idref="fl-34"/>
      </object_component>
      <object_component id="oc-1fd">
         <name>.cinit..data.load</name>
         <load_address>0x3cb0</load_address>
         <readonly>true</readonly>
         <run_address>0x3cb0</run_address>
         <size>0x11</size>
         <alignment>0x1</alignment>
      </object_component>
      <object_component id="oc-1fb">
         <name>__TI_handler_table</name>
         <load_address>0x3cc4</load_address>
         <readonly>true</readonly>
         <run_address>0x3cc4</run_address>
         <size>0xc</size>
         <alignment>0x4</alignment>
      </object_component>
      <object_component id="oc-1fe">
         <name>.cinit..bss.load</name>
         <load_address>0x3cd0</load_address>
         <readonly>true</readonly>
         <run_address>0x3cd0</run_address>
         <size>0x8</size>
         <alignment>0x4</alignment>
      </object_component>
      <object_component id="oc-1fc">
         <name>__TI_cinit_table</name>
         <load_address>0x3cd8</load_address>
         <readonly>true</readonly>
         <run_address>0x3cd8</run_address>
         <size>0x10</size>
         <alignment>0x4</alignment>
      </object_component>
      <object_component id="oc-123">
         <name>.rodata.gUART_0Config</name>
         <load_address>0x3c80</load_address>
         <readonly>true</readonly>
         <run_address>0x3c80</run_address>
         <size>0xa</size>
         <alignment>0x2</alignment>
         <input_file_ref idref="fl-5"/>
      </object_component>
      <object_component id="oc-171">
         <name>.rodata.str1.164314148057219020841</name>
         <load_address>0x3c8a</load_address>
         <readonly>true</readonly>
         <run_address>0x3c8a</run_address>
         <size>0x8</size>
         <alignment>0x1</alignment>
         <input_file_ref idref="fl-1b"/>
      </object_component>
      <object_component id="oc-13b">
         <name>.rodata.str1.86812609733560828751</name>
         <load_address>0x3c92</load_address>
         <readonly>true</readonly>
         <run_address>0x3c92</run_address>
         <size>0x5</size>
         <alignment>0x1</alignment>
         <input_file_ref idref="fl-1a"/>
      </object_component>
      <object_component id="oc-10b">
         <name>.rodata.str1.108123389426221749671</name>
         <load_address>0x3c97</load_address>
         <readonly>true</readonly>
         <run_address>0x3c97</run_address>
         <size>0x4</size>
         <alignment>0x1</alignment>
         <input_file_ref idref="fl-3"/>
      </object_component>
      <object_component id="oc-10e">
         <name>.rodata.str1.517335858951808041</name>
         <load_address>0x3c9b</load_address>
         <readonly>true</readonly>
         <run_address>0x3c9b</run_address>
         <size>0x4</size>
         <alignment>0x1</alignment>
         <input_file_ref idref="fl-3"/>
      </object_component>
      <object_component id="oc-110">
         <name>.rodata.str1.99274884732610856871</name>
         <load_address>0x3c9f</load_address>
         <readonly>true</readonly>
         <run_address>0x3c9f</run_address>
         <size>0x4</size>
         <alignment>0x1</alignment>
         <input_file_ref idref="fl-3"/>
      </object_component>
      <object_component id="oc-13d">
         <name>.rodata.uxTopUsedPriority</name>
         <load_address>0x3ca4</load_address>
         <readonly>true</readonly>
         <run_address>0x3ca4</run_address>
         <size>0x4</size>
         <alignment>0x4</alignment>
         <input_file_ref idref="fl-1a"/>
      </object_component>
      <object_component id="oc-122">
         <name>.rodata.gUART_0ClockConfig</name>
         <load_address>0x3ca8</load_address>
         <readonly>true</readonly>
         <run_address>0x3ca8</run_address>
         <size>0x2</size>
         <alignment>0x1</alignment>
         <input_file_ref idref="fl-5"/>
      </object_component>
      <object_component id="oc-1c6">
         <name>.binit</name>
         <load_address>0x3ce8</load_address>
         <readonly>true</readonly>
         <run_address>0x3ce8</run_address>
         <size>0x10</size>
         <alignment>0x4</alignment>
      </object_component>
      <object_component id="oc-1b3">
         <name>.TI.ramfunc</name>
         <load_address>0x3c50</load_address>
         <readonly>true</readonly>
         <executable>true</executable>
         <run_address>0x202010f0</run_address>
         <size>0x2c</size>
         <alignment>0x4</alignment>
         <input_file_ref idref="fl-2"/>
      </object_component>
      <object_component id="oc-17">
         <name>.shared_area</name>
         <load_address>0x3ff0</load_address>
         <readonly>true</readonly>
         <run_address>0x3ff0</run_address>
         <size>0x4</size>
         <alignment>0x4</alignment>
         <input_file_ref idref="fl-4"/>
      </object_component>
      <object_component id="oc-8f">
         <name>.data.xQueue</name>
         <load_address>0x202010d8</load_address>
         <readwrite>true</readwrite>
         <run_address>0x202010d8</run_address>
         <size>0x4</size>
         <alignment>0x4</alignment>
         <input_file_ref idref="fl-3"/>
      </object_component>
      <object_component id="oc-53">
         <name>.data.pxCurrentTCB</name>
         <load_address>0x20201088</load_address>
         <readwrite>true</readwrite>
         <run_address>0x20201088</run_address>
         <size>0x4</size>
         <alignment>0x4</alignment>
         <input_file_ref idref="fl-1a"/>
      </object_component>
      <object_component id="oc-16a">
         <name>.data.uxTaskNumber</name>
         <load_address>0x202010a8</load_address>
         <readwrite>true</readwrite>
         <run_address>0x202010a8</run_address>
         <size>0x4</size>
         <alignment>0x4</alignment>
         <input_file_ref idref="fl-1a"/>
      </object_component>
      <object_component id="oc-1aa">
         <name>.data.uxDeletedTasksWaitingCleanUp</name>
         <load_address>0x202010a0</load_address>
         <readwrite>true</readwrite>
         <run_address>0x202010a0</run_address>
         <size>0x4</size>
         <alignment>0x4</alignment>
         <input_file_ref idref="fl-1a"/>
      </object_component>
      <object_component id="oc-bd">
         <name>.data.uxCurrentNumberOfTasks</name>
         <load_address>0x2020109c</load_address>
         <readwrite>true</readwrite>
         <run_address>0x2020109c</run_address>
         <size>0x4</size>
         <alignment>0x4</alignment>
         <input_file_ref idref="fl-1a"/>
      </object_component>
      <object_component id="oc-131">
         <name>.data.xSchedulerRunning</name>
         <load_address>0x202010dc</load_address>
         <readwrite>true</readwrite>
         <run_address>0x202010dc</run_address>
         <size>0x4</size>
         <alignment>0x4</alignment>
         <input_file_ref idref="fl-1a"/>
      </object_component>
      <object_component id="oc-51">
         <name>.data.uxSchedulerSuspended</name>
         <load_address>0x202010a4</load_address>
         <readwrite>true</readwrite>
         <run_address>0x202010a4</run_address>
         <size>0x4</size>
         <alignment>0x4</alignment>
         <input_file_ref idref="fl-1a"/>
      </object_component>
      <object_component id="oc-b5">
         <name>.data.xTickCount</name>
         <load_address>0x202010e0</load_address>
         <readwrite>true</readwrite>
         <run_address>0x202010e0</run_address>
         <size>0x4</size>
         <alignment>0x4</alignment>
         <input_file_ref idref="fl-1a"/>
      </object_component>
      <object_component id="oc-54">
         <name>.data.uxTopReadyPriority</name>
         <load_address>0x202010ac</load_address>
         <readwrite>true</readwrite>
         <run_address>0x202010ac</run_address>
         <size>0x4</size>
         <alignment>0x4</alignment>
         <input_file_ref idref="fl-1a"/>
      </object_component>
      <object_component id="oc-52">
         <name>.data.xYieldPending</name>
         <load_address>0x202010ec</load_address>
         <readwrite>true</readwrite>
         <run_address>0x202010ec</run_address>
         <size>0x4</size>
         <alignment>0x4</alignment>
         <input_file_ref idref="fl-1a"/>
      </object_component>
      <object_component id="oc-13c">
         <name>.data.xIdleTaskHandle</name>
         <load_address>0x202010b8</load_address>
         <readwrite>true</readwrite>
         <run_address>0x202010b8</run_address>
         <size>0x4</size>
         <alignment>0x4</alignment>
         <input_file_ref idref="fl-1a"/>
      </object_component>
      <object_component id="oc-b7">
         <name>.data.xNextTaskUnblockTime</name>
         <load_address>0x202010c4</load_address>
         <readwrite>true</readwrite>
         <run_address>0x202010c4</run_address>
         <size>0x4</size>
         <alignment>0x4</alignment>
         <input_file_ref idref="fl-1a"/>
      </object_component>
      <object_component id="oc-bf">
         <name>.data.xPendedTicks</name>
         <load_address>0x202010d4</load_address>
         <readwrite>true</readwrite>
         <run_address>0x202010d4</run_address>
         <size>0x4</size>
         <alignment>0x4</alignment>
         <input_file_ref idref="fl-1a"/>
      </object_component>
      <object_component id="oc-c0">
         <name>.data.xNumOfOverflows</name>
         <load_address>0x202010c8</load_address>
         <readwrite>true</readwrite>
         <run_address>0x202010c8</run_address>
         <size>0x4</size>
         <alignment>0x4</alignment>
         <input_file_ref idref="fl-1a"/>
      </object_component>
      <object_component id="oc-16f">
         <name>.data.xTimerQueue</name>
         <load_address>0x202010e4</load_address>
         <readwrite>true</readwrite>
         <run_address>0x202010e4</run_address>
         <size>0x4</size>
         <alignment>0x4</alignment>
         <input_file_ref idref="fl-1b"/>
      </object_component>
      <object_component id="oc-172">
         <name>.data.xTimerTaskHandle</name>
         <load_address>0x202010e8</load_address>
         <readwrite>true</readwrite>
         <run_address>0x202010e8</run_address>
         <size>0x4</size>
         <alignment>0x4</alignment>
         <input_file_ref idref="fl-1b"/>
      </object_component>
      <object_component id="oc-1bb">
         <name>.data.prvSampleTimeNow.xLastTime</name>
         <load_address>0x20201084</load_address>
         <readwrite>true</readwrite>
         <run_address>0x20201084</run_address>
         <size>0x4</size>
         <alignment>0x4</alignment>
         <input_file_ref idref="fl-1b"/>
      </object_component>
      <object_component id="oc-f5">
         <name>.data.uxCriticalNesting</name>
         <load_address>0x20201098</load_address>
         <readwrite>true</readwrite>
         <run_address>0x20201098</run_address>
         <size>0x4</size>
         <alignment>0x4</alignment>
         <input_file_ref idref="fl-1c"/>
      </object_component>
      <object_component id="oc-1a6">
         <name>.data.ulTimerCountsForOneTick</name>
         <load_address>0x20201094</load_address>
         <readwrite>true</readwrite>
         <run_address>0x20201094</run_address>
         <size>0x4</size>
         <alignment>0x4</alignment>
         <input_file_ref idref="fl-1c"/>
      </object_component>
      <object_component id="oc-1a7">
         <name>.data.xMaximumPossibleSuppressedTicks</name>
         <load_address>0x202010bc</load_address>
         <readwrite>true</readwrite>
         <run_address>0x202010bc</run_address>
         <size>0x4</size>
         <alignment>0x4</alignment>
         <input_file_ref idref="fl-1c"/>
      </object_component>
      <object_component id="oc-1a8">
         <name>.data.ulStoppedTimerCompensation</name>
         <load_address>0x20201090</load_address>
         <readwrite>true</readwrite>
         <run_address>0x20201090</run_address>
         <size>0x4</size>
         <alignment>0x4</alignment>
         <input_file_ref idref="fl-1c"/>
      </object_component>
      <object_component id="oc-15c">
         <name>.data.pxEnd</name>
         <load_address>0x2020108c</load_address>
         <readwrite>true</readwrite>
         <run_address>0x2020108c</run_address>
         <size>0x4</size>
         <alignment>0x4</alignment>
         <input_file_ref idref="fl-1e"/>
      </object_component>
      <object_component id="oc-15d">
         <name>.data.xBlockAllocatedBit</name>
         <load_address>0x202010b0</load_address>
         <readwrite>true</readwrite>
         <run_address>0x202010b0</run_address>
         <size>0x4</size>
         <alignment>0x4</alignment>
         <input_file_ref idref="fl-1e"/>
      </object_component>
      <object_component id="oc-15e">
         <name>.data.xFreeBytesRemaining</name>
         <load_address>0x202010b4</load_address>
         <readwrite>true</readwrite>
         <run_address>0x202010b4</run_address>
         <size>0x4</size>
         <alignment>0x4</alignment>
         <input_file_ref idref="fl-1e"/>
      </object_component>
      <object_component id="oc-160">
         <name>.data.xMinimumEverFreeBytesRemaining</name>
         <load_address>0x202010c0</load_address>
         <readwrite>true</readwrite>
         <run_address>0x202010c0</run_address>
         <size>0x4</size>
         <alignment>0x4</alignment>
         <input_file_ref idref="fl-1e"/>
      </object_component>
      <object_component id="oc-161">
         <name>.data.xNumberOfSuccessfulAllocations</name>
         <load_address>0x202010cc</load_address>
         <readwrite>true</readwrite>
         <run_address>0x202010cc</run_address>
         <size>0x4</size>
         <alignment>0x4</alignment>
         <input_file_ref idref="fl-1e"/>
      </object_component>
      <object_component id="oc-165">
         <name>.data.xNumberOfSuccessfulFrees</name>
         <load_address>0x202010d0</load_address>
         <readwrite>true</readwrite>
         <run_address>0x202010d0</run_address>
         <size>0x4</size>
         <alignment>0x4</alignment>
         <input_file_ref idref="fl-1e"/>
      </object_component>
      <object_component id="oc-16b">
         <name>.bss.vApplicationGetIdleTaskMemory.xIdleTaskTCB</name>
         <uninitialized>true</uninitialized>
         <readwrite>true</readwrite>
         <run_address>0x20200e80</run_address>
         <size>0x64</size>
         <alignment>0x4</alignment>
         <input_file_ref idref="fl-4"/>
      </object_component>
      <object_component id="oc-16c">
         <name>.bss.vApplicationGetIdleTaskMemory.uxIdleTaskStack</name>
         <uninitialized>true</uninitialized>
         <readwrite>true</readwrite>
         <run_address>0x20200800</run_address>
         <size>0x200</size>
         <alignment>0x4</alignment>
         <input_file_ref idref="fl-4"/>
      </object_component>
      <object_component id="oc-1a1">
         <name>.bss.vApplicationGetTimerTaskMemory.xTimerTaskTCB</name>
         <uninitialized>true</uninitialized>
         <readwrite>true</readwrite>
         <run_address>0x20200ee4</run_address>
         <size>0x64</size>
         <alignment>0x4</alignment>
         <input_file_ref idref="fl-4"/>
      </object_component>
      <object_component id="oc-1a2">
         <name>.bss.vApplicationGetTimerTaskMemory.uxTimerTaskStack</name>
         <uninitialized>true</uninitialized>
         <readwrite>true</readwrite>
         <run_address>0x20200a00</run_address>
         <size>0x200</size>
         <alignment>0x4</alignment>
         <input_file_ref idref="fl-4"/>
      </object_component>
      <object_component id="oc-c1">
         <name>.bss.xTasksWaitingTermination</name>
         <uninitialized>true</uninitialized>
         <readwrite>true</readwrite>
         <run_address>0x20201038</run_address>
         <size>0x14</size>
         <alignment>0x4</alignment>
         <input_file_ref idref="fl-1a"/>
      </object_component>
      <object_component id="oc-b6">
         <name>.bss.pxDelayedTaskList</name>
         <uninitialized>true</uninitialized>
         <readwrite>true</readwrite>
         <run_address>0x20201058</run_address>
         <size>0x4</size>
         <alignment>0x4</alignment>
         <input_file_ref idref="fl-1a"/>
      </object_component>
      <object_component id="oc-b8">
         <name>.bss.pxOverflowDelayedTaskList</name>
         <uninitialized>true</uninitialized>
         <readwrite>true</readwrite>
         <run_address>0x2020105c</run_address>
         <size>0x4</size>
         <alignment>0x4</alignment>
         <input_file_ref idref="fl-1a"/>
      </object_component>
      <object_component id="oc-b9">
         <name>.bss.xSuspendedTaskList</name>
         <uninitialized>true</uninitialized>
         <readwrite>true</readwrite>
         <run_address>0x20201024</run_address>
         <size>0x14</size>
         <alignment>0x4</alignment>
         <input_file_ref idref="fl-1a"/>
      </object_component>
      <object_component id="oc-55">
         <name>.bss.pxReadyTasksLists</name>
         <uninitialized>true</uninitialized>
         <readwrite>true</readwrite>
         <run_address>0x20200cf0</run_address>
         <size>0xc8</size>
         <alignment>0x4</alignment>
         <input_file_ref idref="fl-1a"/>
      </object_component>
      <object_component id="oc-be">
         <name>.bss.xPendingReadyList</name>
         <uninitialized>true</uninitialized>
         <readwrite>true</readwrite>
         <run_address>0x20201010</run_address>
         <size>0x14</size>
         <alignment>0x4</alignment>
         <input_file_ref idref="fl-1a"/>
      </object_component>
      <object_component id="oc-198">
         <name>.bss.xDelayedTaskList1</name>
         <uninitialized>true</uninitialized>
         <readwrite>true</readwrite>
         <run_address>0x20200fe8</run_address>
         <size>0x14</size>
         <alignment>0x4</alignment>
         <input_file_ref idref="fl-1a"/>
      </object_component>
      <object_component id="oc-199">
         <name>.bss.xDelayedTaskList2</name>
         <uninitialized>true</uninitialized>
         <readwrite>true</readwrite>
         <run_address>0x20200ffc</run_address>
         <size>0x14</size>
         <alignment>0x4</alignment>
         <input_file_ref idref="fl-1a"/>
      </object_component>
      <object_component id="oc-19d">
         <name>.bss.pxCurrentTimerList</name>
         <uninitialized>true</uninitialized>
         <readwrite>true</readwrite>
         <run_address>0x20201054</run_address>
         <size>0x4</size>
         <alignment>0x4</alignment>
         <input_file_ref idref="fl-1b"/>
      </object_component>
      <object_component id="oc-19e">
         <name>.bss.pxOverflowTimerList</name>
         <uninitialized>true</uninitialized>
         <readwrite>true</readwrite>
         <run_address>0x20201060</run_address>
         <size>0x4</size>
         <alignment>0x4</alignment>
         <input_file_ref idref="fl-1b"/>
      </object_component>
      <object_component id="oc-19b">
         <name>.bss.xActiveTimerList1</name>
         <uninitialized>true</uninitialized>
         <readwrite>true</readwrite>
         <run_address>0x20200fc0</run_address>
         <size>0x14</size>
         <alignment>0x4</alignment>
         <input_file_ref idref="fl-1b"/>
      </object_component>
      <object_component id="oc-19c">
         <name>.bss.xActiveTimerList2</name>
         <uninitialized>true</uninitialized>
         <readwrite>true</readwrite>
         <run_address>0x20200fd4</run_address>
         <size>0x14</size>
         <alignment>0x4</alignment>
         <input_file_ref idref="fl-1b"/>
      </object_component>
      <object_component id="oc-1a0">
         <name>.bss.prvCheckForValidListAndQueue.xStaticTimerQueue</name>
         <uninitialized>true</uninitialized>
         <readwrite>true</readwrite>
         <run_address>0x20200f48</run_address>
         <size>0x50</size>
         <alignment>0x4</alignment>
         <input_file_ref idref="fl-1b"/>
      </object_component>
      <object_component id="oc-19f">
[...]
         <value>0x2c7d</value>
         <object_component_ref idref="oc-103"/>
      </symbol>
      <symbol id="sm-df">
         <name>BSL_PI_UART_receive</name>
         <value>0xc1</value>
         <object_component_ref idref="oc-13f"/>
      </symbol>
      <symbol id="sm-e0">
         <name>BSL_RX_state</name>
         <value>0x20201081</value>
      </symbol>
      <symbol id="sm-e1">
         <name>BSL_PI_dataPointer</name>
         <value>0x2020106c</value>
      </symbol>
      <symbol id="sm-e2">
         <name>BSL_RXBufferSize</name>
         <value>0x2020107e</value>
      </symbol>
      <symbol id="sm-e3">
         <name>BSL_PI_RxDataCnt</name>
         <value>0x2020107c</value>
      </symbol>
      <symbol id="sm-e4">
         <name>BSL_PI_checksum</name>
         <value>0x20201068</value>
      </symbol>
      <symbol id="sm-e5">
         <name>BSL_receive_buf</name>
         <value>0x20200db8</value>
      </symbol>
      <symbol id="sm-e6">
         <name>jj</name>
         <value>0x20201078</value>
      </symbol>
      <symbol id="sm-e7">
         <name>BSL_PI_sendByte</name>
         <value>0x391d</value>
         <object_component_ref idref="oc-82"/>
      </symbol>
      <symbol id="sm-e8">
         <name>BSL_PI_UART_send</name>
         <value>0x1589</value>
         <object_component_ref idref="oc-188"/>
      </symbol>
      <symbol id="sm-e9">
         <name>BSL_send_buf</name>
         <value>0x20200f98</value>
      </symbol>
      <symbol id="sm-f4">
         <name>Default_Handler</name>
         <value>0x1587</value>
         <object_component_ref idref="oc-3f"/>
      </symbol>
      <symbol id="sm-f5">
         <name>Reset_Handler</name>
         <value>0x3c33</value>
         <object_component_ref idref="oc-3b"/>
      </symbol>
      <symbol id="sm-f6">
         <name>interruptVectors</name>
         <value>0x0</value>
         <object_component_ref idref="oc-19"/>
      </symbol>
      <symbol id="sm-f7">
         <name>NMI_Handler</name>
         <value>0x1587</value>
         <object_component_ref idref="oc-3f"/>
      </symbol>
      <symbol id="sm-f8">
         <name>HardFault_Handler</name>
         <value>0x1587</value>
         <object_component_ref idref="oc-3f"/>
      </symbol>
      <symbol id="sm-f9">
         <name>GROUP0_IRQHandler</name>
         <value>0x1587</value>
         <object_component_ref idref="oc-3f"/>
      </symbol>
      <symbol id="sm-fa">
         <name>GROUP1_IRQHandler</name>
         <value>0x1587</value>
         <object_component_ref idref="oc-3f"/>
      </symbol>
      <symbol id="sm-fb">
         <name>TIMG8_IRQHandler</name>
         <value>0x1587</value>
         <object_component_ref idref="oc-3f"/>
      </symbol>
      <symbol id="sm-fc">
         <name>UART3_IRQHandler</name>
         <value>0x1587</value>
         <object_component_ref idref="oc-3f"/>
      </symbol>
      <symbol id="sm-fd">
         <name>ADC0_IRQHandler</name>
         <value>0x1587</value>
         <object_component_ref idref="oc-3f"/>
      </symbol>
      <symbol id="sm-fe">
         <name>ADC1_IRQHandler</name>
         <value>0x1587</value>
         <object_component_ref idref="oc-3f"/>
      </symbol>
      <symbol id="sm-ff">
         <name>CANFD0_IRQHandler</name>
         <value>0x1587</value>
         <object_component_ref idref="oc-3f"/>
      </symbol>
      <symbol id="sm-100">
         <name>DAC0_IRQHandler</name>
         <value>0x1587</value>
         <object_component_ref idref="oc-3f"/>
      </symbol>
      <symbol id="sm-101">
         <name>SPI0_IRQHandler</name>
         <value>0x1587</value>
         <object_component_ref idref="oc-3f"/>
      </symbol>
      <symbol id="sm-102">
         <name>SPI1_IRQHandler</name>
         <value>0x1587</value>
         <object_component_ref idref="oc-3f"/>
      </symbol>
      <symbol id="sm-103">
         <name>UART1_IRQHandler</name>
         <value>0x1587</value>
         <object_component_ref idref="oc-3f"/>
      </symbol>
      <symbol id="sm-104">
         <name>UART2_IRQHandler</name>
         <value>0x1587</value>
         <object_component_ref idref="oc-3f"/>
      </symbol>
      <symbol id="sm-105">
         <name>TIMG0_IRQHandler</name>
         <value>0x1587</value>
         <object_component_ref idref="oc-3f"/>
      </symbol>
      <symbol id="sm-106">
         <name>TIMG6_IRQHandler</name>
         <value>0x1587</value>
         <object_component_ref idref="oc-3f"/>
      </symbol>
      <symbol id="sm-107">
         <name>TIMA0_IRQHandler</name>
         <value>0x1587</value>
         <object_component_ref idref="oc-3f"/>
      </symbol>
      <symbol id="sm-108">
         <name>TIMA1_IRQHandler</name>
         <value>0x1587</value>
         <object_component_ref idref="oc-3f"/>
      </symbol>
      <symbol id="sm-109">
         <name>TIMG7_IRQHandler</name>
         <value>0x1587</value>
         <object_component_ref idref="oc-3f"/>
      </symbol>
      <symbol id="sm-10a">
         <name>TIMG12_IRQHandler</name>
         <value>0x1587</value>
         <object_component_ref idref="oc-3f"/>
      </symbol>
      <symbol id="sm-10b">
         <name>I2C0_IRQHandler</name>
         <value>0x1587</value>
         <object_component_ref idref="oc-3f"/>
      </symbol>
      <symbol id="sm-10c">
         <name>I2C1_IRQHandler</name>
         <value>0x1587</value>
         <object_component_ref idref="oc-3f"/>
      </symbol>
      <symbol id="sm-10d">
         <name>AES_IRQHandler</name>
         <value>0x1587</value>
         <object_component_ref idref="oc-3f"/>
      </symbol>
      <symbol id="sm-10e">
         <name>RTC_IRQHandler</name>
         <value>0x1587</value>
         <object_component_ref idref="oc-3f"/>
      </symbol>
      <symbol id="sm-10f">
         <name>DMA_IRQHandler</name>
         <value>0x1587</value>
         <object_component_ref idref="oc-3f"/>
      </symbol>
      <symbol id="sm-110">
         <name>__TI_ATRegion0_src_addr</name>
         <value>0x0</value>
      </symbol>
      <symbol id="sm-111">
         <name>__TI_ATRegion0_trg_addr</name>
         <value>0x0</value>
      </symbol>
      <symbol id="sm-112">
         <name>__TI_ATRegion0_region_sz</name>
         <value>0x0</value>
      </symbol>
      <symbol id="sm-113">
         <name>__TI_ATRegion1_src_addr</name>
         <value>0x0</value>
      </symbol>
      <symbol id="sm-114">
         <name>__TI_ATRegion1_trg_addr</name>
         <value>0x0</value>
      </symbol>
      <symbol id="sm-115">
         <name>__TI_ATRegion1_region_sz</name>
         <value>0x0</value>
      </symbol>
      <symbol id="sm-116">
         <name>__TI_ATRegion2_src_addr</name>
         <value>0x0</value>
      </symbol>
      <symbol id="sm-117">
         <name>__TI_ATRegion2_trg_addr</name>
         <value>0x0</value>
      </symbol>
      <symbol id="sm-118">
         <name>__TI_ATRegion2_region_sz</name>
         <value>0x0</value>
      </symbol>
      <symbol id="sm-11d">
         <name>DL_Common_delayCycles</name>
         <value>0x3ba7</value>
         <object_component_ref idref="oc-11e"/>
      </symbol>
      <symbol id="sm-12b">
         <name>DL_UART_init</name>
         <value>0x3241</value>
         <object_component_ref idref="oc-121"/>
      </symbol>
      <symbol id="sm-12c">
         <name>DL_UART_setClockConfig</name>
         <value>0x3a09</value>
         <object_component_ref idref="oc-120"/>
      </symbol>
      <symbol id="sm-135">
         <name>DL_SYSCTL_switchMCLKfromLFCLKtoSYSOSC</name>
         <value>0x3731</value>
         <object_component_ref idref="oc-11f"/>
      </symbol>
      <symbol id="sm-157">
         <name>xQueueGenericReset</name>
         <value>0x1dc1</value>
         <object_component_ref idref="oc-164"/>
      </symbol>
      <symbol id="sm-158">
         <name>xQueueGenericCreateStatic</name>
         <value>0x25f9</value>
         <object_component_ref idref="oc-19a"/>
      </symbol>
      <symbol id="sm-159">
         <name>xQueueGenericCreate</name>
         <value>0x2733</value>
         <object_component_ref idref="oc-106"/>
      </symbol>
      <symbol id="sm-15a">
         <name>xQueueGenericSendFromISR</name>
         <value>0x1467</value>
         <object_component_ref idref="oc-88"/>
      </symbol>
      <symbol id="sm-15b">
         <name>xQueueReceive</name>
         <value>0xbb1</value>
         <object_component_ref idref="oc-13e"/>
      </symbol>
      <symbol id="sm-15c">
         <name>vQueueWaitForMessageRestricted</name>
         <value>0x2f29</value>
         <object_component_ref idref="oc-1b6"/>
      </symbol>
      <symbol id="sm-1f2">
         <name>xTaskCreateStatic</name>
         <value>0x27c7</value>
         <object_component_ref idref="oc-133"/>
      </symbol>
      <symbol id="sm-1f3">
         <name>pxCurrentTCB</name>
         <value>0x20201088</value>
         <object_component_ref idref="oc-53"/>
      </symbol>
      <symbol id="sm-1f4">
         <name>xTaskCreate</name>
         <value>0x285b</value>
         <object_component_ref idref="oc-107"/>
      </symbol>
      <symbol id="sm-1f5">
         <name>vTaskSuspendAll</name>
         <value>0x3bb9</value>
         <object_component_ref idref="oc-78"/>
      </symbol>
      <symbol id="sm-1f6">
         <name>xTaskResumeAll</name>
         <value>0x675</value>
         <object_component_ref idref="oc-7a"/>
      </symbol>
      <symbol id="sm-1f7">
         <name>xTaskIncrementTick</name>
         <value>0x47d</value>
         <object_component_ref idref="oc-7f"/>
      </symbol>
      <symbol id="sm-1f8">
         <name>vTaskDelay</name>
         <value>0x31f1</value>
         <object_component_ref idref="oc-35"/>
      </symbol>
      <symbol id="sm-1f9">
         <name>eTaskGetState</name>
         <value>0x19e9</value>
         <object_component_ref idref="oc-81"/>
      </symbol>
      <symbol id="sm-1fa">
         <name>vTaskSuspend</name>
         <value>0x18d9</value>
         <object_component_ref idref="oc-108"/>
      </symbol>
      <symbol id="sm-1fb">
         <name>vTaskSwitchContext</name>
         <value>0x1cd5</value>
         <object_component_ref idref="oc-1b"/>
      </symbol>
      <symbol id="sm-1fc">
         <name>xTaskResumeFromISR</name>
         <value>0x1be1</value>
         <object_component_ref idref="oc-8d"/>
      </symbol>
      <symbol id="sm-1fd">
         <name>vTaskStartScheduler</name>
         <value>0x21e1</value>
         <object_component_ref idref="oc-109"/>
      </symbol>
      <symbol id="sm-1fe">
         <name>uxTopUsedPriority</name>
         <value>0x3ca4</value>
         <object_component_ref idref="oc-13d"/>
      </symbol>
      <symbol id="sm-1ff">
         <name>xTaskGetTickCount</name>
         <value>0x3b81</value>
         <object_component_ref idref="oc-1b9"/>
      </symbol>
      <symbol id="sm-200">
         <name>vTaskStepTick</name>
         <value>0x37d9</value>
         <object_component_ref idref="oc-1ac"/>
      </symbol>
      <symbol id="sm-201">
         <name>vTaskPlaceOnEventList</name>
         <value>0x37a5</value>
         <object_component_ref idref="oc-180"/>
      </symbol>
      <symbol id="sm-202">
         <name>vTaskPlaceOnEventListRestricted</name>
         <value>0x2de1</value>
         <object_component_ref idref="oc-1bc"/>
      </symbol>
      <symbol id="sm-203">
         <name>xTaskRemoveFromEventList</name>
         <value>0x107d</value>
         <object_component_ref idref="oc-c5"/>
      </symbol>
      <symbol id="sm-204">
         <name>vTaskInternalSetTimeOutState</name>
         <value>0x3a71</value>
         <object_component_ref idref="oc-17d"/>
      </symbol>
      <symbol id="sm-205">
         <name>xTaskCheckForTimeOut</name>
         <value>0x2355</value>
         <object_component_ref idref="oc-17e"/>
      </symbol>
      <symbol id="sm-206">
         <name>vTaskMissedYield</name>
         <value>0x3c11</value>
         <object_component_ref idref="oc-1ad"/>
      </symbol>
      <symbol id="sm-207">
         <name>eTaskConfirmSleepModeStatus</name>
         <value>0x2b09</value>
         <object_component_ref idref="oc-1ab"/>
      </symbol>
      <symbol id="sm-208">
         <name>xTaskGetSchedulerState</name>
         <value>0x36c1</value>
         <object_component_ref idref="oc-17b"/>
      </symbol>
      <symbol id="sm-209">
         <name>xTaskPriorityDisinherit</name>
         <value>0x1ae5</value>
         <object_component_ref idref="oc-f6"/>
      </symbol>
      <symbol id="sm-24e">
         <name>xTimerCreateTimerTask</name>
         <value>0x2c01</value>
         <object_component_ref idref="oc-134"/>
      </symbol>
      <symbol id="sm-288">
         <name>pxPortInitialiseStack</name>
         <value>0x32d9</value>
         <object_component_ref idref="oc-168"/>
      </symbol>
      <symbol id="sm-289">
         <name>SVC_Handler</name>
         <value>0x2353</value>
         <object_component_ref idref="oc-40"/>
      </symbol>
      <symbol id="sm-28a">
         <name>xPortStartScheduler</name>
         <value>0x35d1</value>
         <object_component_ref idref="oc-139"/>
      </symbol>
      <symbol id="sm-28b">
         <name>vPortSetupTimerInterrupt</name>
         <value>0x30ad</value>
         <object_component_ref idref="oc-175"/>
      </symbol>
      <symbol id="sm-28c">
         <name>vPortYield</name>
         <value>0x3b3d</value>
         <object_component_ref idref="oc-7b"/>
      </symbol>
      <symbol id="sm-28d">
         <name>vPortEnterCritical</name>
         <value>0x3b25</value>
         <object_component_ref idref="oc-ba"/>
      </symbol>
      <symbol id="sm-28e">
         <name>vPortExitCritical</name>
         <value>0x38c5</value>
         <object_component_ref idref="oc-bc"/>
      </symbol>
      <symbol id="sm-28f">
         <name>ulSetInterruptMaskFromISR</name>
         <value>0x3c25</value>
         <object_component_ref idref="oc-7e"/>
      </symbol>
      <symbol id="sm-290">
         <name>vClearInterruptMaskFromISR</name>
         <value>0x3c2d</value>
         <object_component_ref idref="oc-80"/>
      </symbol>
      <symbol id="sm-291">
         <name>PendSV_Handler</name>
         <value>0x3401</value>
         <object_component_ref idref="oc-45"/>
      </symbol>
      <symbol id="sm-292">
         <name>SysTick_Handler</name>
         <value>0x386d</value>
         <object_component_ref idref="oc-46"/>
      </symbol>
      <symbol id="sm-293">
         <name>vPortSuppressTicksAndSleep</name>
         <value>0xef5</value>
         <object_component_ref idref="oc-17a"/>
      </symbol>
      <symbol id="sm-2b9">
         <name>pvPortMalloc</name>
         <value>0x849</value>
         <object_component_ref idref="oc-128"/>
      </symbol>
      <symbol id="sm-2ba">
         <name>vPortFree</name>
         <value>0x2559</value>
         <object_component_ref idref="oc-12e"/>
      </symbol>
      <symbol id="sm-2cb">
         <name>vListInitialise</name>
         <value>0x3899</value>
         <object_component_ref idref="oc-197"/>
      </symbol>
      <symbol id="sm-2cc">
         <name>vListInitialiseItem</name>
         <value>0x3bf5</value>
         <object_component_ref idref="oc-167"/>
      </symbol>
      <symbol id="sm-2cd">
         <name>vListInsertEnd</name>
         <value>0x364d</value>
         <object_component_ref idref="oc-c9"/>
      </symbol>
      <symbol id="sm-2ce">
         <name>vListInsert</name>
         <value>0x2ebd</value>
         <object_component_ref idref="oc-b4"/>
      </symbol>
      <symbol id="sm-2cf">
         <name>uxListRemove</name>
         <value>0x3371</value>
         <object_component_ref idref="oc-af"/>
      </symbol>
      <symbol id="sm-2da">
         <name>_c_int00_noargs</name>
         <value>0x39bd</value>
         <object_component_ref idref="oc-71"/>
      </symbol>
      <symbol id="sm-2db">
         <name>__stack</name>
         <value>0x20201300</value>
         <object_component_ref idref="oc-20"/>
      </symbol>
      <symbol id="sm-2e7">
         <name>__TI_auto_init_nopinit</name>
         <value>0x3325</value>
         <object_component_ref idref="oc-e8"/>
      </symbol>
      <symbol id="sm-2ef">
         <name>_system_pre_init</name>
         <value>0x3c37</value>
         <object_component_ref idref="oc-a0"/>
      </symbol>
      <symbol id="sm-2f9">
         <name>copy_in</name>
         <value>0x328d</value>
         <object_component_ref idref="oc-119"/>
      </symbol>
      <symbol id="sm-303">
         <name>__TI_zero_init</name>
         <value>0x3bc9</value>
         <object_component_ref idref="oc-6e"/>
      </symbol>
      <symbol id="sm-30c">
         <name>__TI_decompress_none</name>
         <value>0x3b95</value>
         <object_component_ref idref="oc-26"/>
      </symbol>
      <symbol id="sm-317">
         <name>__TI_decompress_lzss</name>
         <value>0x2cf5</value>
         <object_component_ref idref="oc-22"/>
      </symbol>
      <symbol id="sm-321">
         <name>abort</name>
         <value>0x3c3f</value>
         <object_component_ref idref="oc-da"/>
      </symbol>
      <symbol id="sm-322">
         <name>C$$EXIT</name>
         <value>0x3c3e</value>
         <object_component_ref idref="oc-da"/>
      </symbol>
      <symbol id="sm-32a">
         <name>__aeabi_memcpy</name>
         <value>0x3c1d</value>
         <object_component_ref idref="oc-61"/>
      </symbol>
      <symbol id="sm-32b">
         <name>__aeabi_memcpy4</name>
         <value>0x3c1d</value>
         <object_component_ref idref="oc-61"/>
      </symbol>
      <symbol id="sm-32c">
         <name>__aeabi_memcpy8</name>
         <value>0x3c1d</value>
         <object_component_ref idref="oc-61"/>
      </symbol>
      <symbol id="sm-335">
         <name>__aeabi_memset</name>
         <value>0x3bd9</value>
         <object_component_ref idref="oc-166"/>
      </symbol>
      <symbol id="sm-336">
         <name>__aeabi_memset4</name>
         <value>0x3bd9</value>
         <object_component_ref idref="oc-166"/>
      </symbol>
      <symbol id="sm-337">
         <name>__aeabi_memset8</name>
         <value>0x3bd9</value>
         <object_component_ref idref="oc-166"/>
      </symbol>
      <symbol id="sm-338">
         <name>__aeabi_memclr</name>
         <value>0x3c05</value>
         <object_component_ref idref="oc-9b"/>
      </symbol>
      <symbol id="sm-339">
         <name>__aeabi_memclr4</name>
         <value>0x3c05</value>
         <object_component_ref idref="oc-9b"/>
      </symbol>
      <symbol id="sm-33a">
         <name>__aeabi_memclr8</name>
         <value>0x3c05</value>
         <object_component_ref idref="oc-9b"/>
      </symbol>
      <symbol id="sm-340">
         <name>__aeabi_uidiv</name>
         <value>0x3551</value>
         <object_component_ref idref="oc-124"/>
      </symbol>
      <symbol id="sm-341">
         <name>__aeabi_uidivmod</name>
         <value>0x3551</value>
         <object_component_ref idref="oc-124"/>
      </symbol>
      <symbol id="sm-34b">
         <name>__aeabi_idiv0</name>
         <value>0x33ff</value>
         <object_component_ref idref="oc-154"/>
      </symbol>
      <symbol id="sm-364">
         <name>memcpy</name>
         <value>0x2699</value>
         <object_component_ref idref="oc-cf"/>
      </symbol>
      <symbol id="sm-373">
         <name>memset</name>
         <value>0x2f93</value>
         <object_component_ref idref="oc-fd"/>
      </symbol>
      <symbol id="sm-374">
         <name>__TI_static_base__</name>
         <value>0x0</value>
      </symbol>
      <symbol id="sm-378">
         <name>__mpu_init</name>
         <value>0x0</value>
      </symbol>
      <symbol id="sm-379">
         <name>_system_post_cinit</name>
         <value>0x0</value>
      </symbol>
   </symbol_table>
   <title>Link successful</title>
</link_info>
