******************************************************************************
            TI ARM Clang Linker PC v3.2.0                      
******************************************************************************
>> Linked Tue Aug 12 10:06:44 2025

OUTPUT FILE NAME:   <LFU_Bootloader_LP_MSPM0G3507_freertos_ticlang.out>
ENTRY POINT SYMBOL: "_c_int00_noargs"  address: 000039bd


MEMORY CONFIGURATION

         name            origin    length      used     unused   attr    fill
----------------------  --------  ---------  --------  --------  ----  --------
  FLASH                 00000000   00003ff0  00003cf8  000002f8  R  X
  FLASH_SHARED          00003ff0   00000010  00000008  00000008  R  X
  SRAM                  20200000   00001500  00001320  000001e0  RW X


SEGMENT ALLOCATION MAP

run origin  load origin   length   init length attrs members
----------  ----------- ---------- ----------- ----- -------
00000000    00000000    00003c50   00003c50    r-x
  00000000    00000000    000000c0   000000c0    r-- .intvecs
  000000c0    000000c0    00003b90   00003b90    r-x .text
00003c80    00003c80    00000078   00000078    r--
  00003c80    00003c80    00000030   00000030    r-- .rodata
  00003cb0    00003cb0    00000038   00000038    r-- .cinit
  00003ce8    00003ce8    00000010   00000010    r-- .binit
00003ff0    00003ff0    00000008   00000008    r--
  00003ff0    00003ff0    00000008   00000008    r-- .shared_area
20200000    20200000    000010f0   00000000    rw-
  20200000    20200000    00001084   00000000    rw- .bss
  20201084    20201084    0000006c   00000000    rw- .data
202010f0    00003c50    00000030   00000030    r-x
  202010f0    00003c50    00000030   00000030    r-x .TI.ramfunc
20201300    20201300    00000200   00000000    rw-
  20201300    20201300    00000200   00000000    rw- .stack


SECTION ALLOCATION MAP

 output                                  attributes/
section   page    origin      length       input sections
--------  ----  ----------  ----------   ----------------
.intvecs   0    00000000    000000c0     
                  00000000    000000c0     startup_mspm0g3507_ticlang.o (.intvecs)

.text      0    000000c0    00003b90     
                  000000c0    000003bc     uart.o (.text.BSL_PI_UART_receive)
                  0000047c    000001f8     freertos_builds_LP_MSPM0G3507_release_ticlang.lib : tasks.o (.text.xTaskIncrementTick)
                  00000674    000001d4                                                       : tasks.o (.text.xTaskResumeAll)
                  00000848    000001c0                                                       : heap_4.o (.text.pvPortMalloc)
                  00000a08    000001a8     BSL_CI.o (.text.CMD_API_Program_Data)
                  00000bb0    000001a4     freertos_builds_LP_MSPM0G3507_release_ticlang.lib : queue.o (.text.xQueueReceive)
                  00000d54    000001a0     BSL_CI.o (.text.BSL_CI_interpretCommand)
                  00000ef4    00000188     freertos_builds_LP_MSPM0G3507_release_ticlang.lib : port.o (.text.vPortSuppressTicksAndSleep)
                  0000107c    00000178                                                       : tasks.o (.text.xTaskRemoveFromEventList)
                  000011f4    00000148                                                       : timers.o (.text.prvProcessReceivedCommands)
                  0000133c    0000012a                                                       : tasks.o (.text.prvInitialiseNewTask)
                  00001466    00000120                                                       : queue.o (.text.xQueueGenericSendFromISR)
                  00001586    00000002     startup_mspm0g3507_ticlang.o (.text.Default_Handler)
                  00001588    0000011c     uart.o (.text.BSL_PI_UART_send)
                  000016a4    0000011c     main-tasks-create.o (.text.UART0_IRQHandler)
                  000017c0    00000118     freertos_builds_LP_MSPM0G3507_release_ticlang.lib : tasks.o (.text.prvAddNewTaskToReadyList)
                  000018d8    00000110                                                       : tasks.o (.text.vTaskSuspend)
                  000019e8    000000fc                                                       : tasks.o (.text.eTaskGetState)
                  00001ae4    000000fc                                                       : tasks.o (.text.xTaskPriorityDisinherit)
                  00001be0    000000f4                                                       : tasks.o (.text.xTaskResumeFromISR)
                  00001cd4    000000ec                                                       : tasks.o (.text.vTaskSwitchContext)
                  00001dc0    000000e4                                                       : queue.o (.text.xQueueGenericReset)
                  00001ea4    000000d8                                                       : tasks.o (.text.prvAddCurrentTaskToDelayedList)
                  00001f7c    000000d4     main-tasks-create.o (.text.main_tasks_create)
                  00002050    000000d4     freertos_builds_LP_MSPM0G3507_release_ticlang.lib : queue.o (.text.prvCopyDataToQueue)
                  00002124    000000bc                                                       : heap_4.o (.text.prvInsertBlockIntoFreeList)
                  000021e0    000000bc                                                       : tasks.o (.text.vTaskStartScheduler)
                  0000229c    000000b6                                                       : queue.o (.text.prvUnlockQueue)
                  00002352    00000002                                                       : port.o (.text.SVC_Handler)
                  00002354    000000b4                                                       : tasks.o (.text.xTaskCheckForTimeOut)
                  00002408    000000b0                                                       : heap_4.o (.text.prvHeapInit)
                  000024b8    000000a0     main-tasks-create.o (.text.CMD_API_startApplication)
                  00002558    000000a0     freertos_builds_LP_MSPM0G3507_release_ticlang.lib : heap_4.o (.text.vPortFree)
                  000025f8    000000a0                                                       : queue.o (.text.xQueueGenericCreateStatic)
                  00002698    0000009a     libc.a : memcpy16.S.obj (.text:memcpy)
                  00002732    00000094     freertos_builds_LP_MSPM0G3507_release_ticlang.lib : queue.o (.text.xQueueGenericCreate)
                  000027c6    00000094                                                       : tasks.o (.text.xTaskCreateStatic)
                  0000285a    00000092                                                       : tasks.o (.text.xTaskCreate)
                  000028ec    0000008c     BSL_CI.o (.text.CMD_API_Unlock_BSL)
                  00002978    0000008c     freertos_builds_LP_MSPM0G3507_release_ticlang.lib : timers.o (.text.prvProcessTimerOrBlockTask)
                  00002a04    00000084                                                       : timers.o (.text.prvInsertTimerInActiveList)
                  00002a88    00000080     dl_flashctl.o (.text.DL_FlashCTL_unprotectSector)
                  00002b08    0000007c     freertos_builds_LP_MSPM0G3507_release_ticlang.lib : tasks.o (.text.eTaskConfirmSleepModeStatus)
                  00002b84    0000007c                                                       : tasks.o (.text.prvInitialiseTaskLists)
                  00002c00    0000007c                                                       : timers.o (.text.xTimerCreateTimerTask)
                  00002c7c    00000078     ti_msp_dl_config.o (.text.SYSCFG_DL_UART_0_init)
                  00002cf4    00000078     libc.a : copy_decompress_lzss.c.obj (.text:decompress:lzss)
                  00002d6c    00000074     freertos_builds_LP_MSPM0G3507_release_ticlang.lib : tasks.o (.text.prvGetExpectedIdleTime)
                  00002de0    00000070                                                       : tasks.o (.text.vTaskPlaceOnEventListRestricted)
                  00002e50    0000006c                                                       : timers.o (.text.prvCheckForValidListAndQueue)
                  00002ebc    0000006c                                                       : list.o (.text.vListInsert)
                  00002f28    0000006a                                                       : queue.o (.text.vQueueWaitForMessageRestricted)
                  00002f92    00000062     libc.a : memset16.S.obj (.text:memset)
                  00002ff4    0000005c     freertos_builds_LP_MSPM0G3507_release_ticlang.lib : tasks.o (.text.prvIdleTask)
                  00003050    0000005c                                                       : tasks.o (.text.prvTaskIsTaskSuspended)
                  000030ac    00000054                                                       : port.o (.text.vPortSetupTimerInterrupt)
                  00003100    00000050                                                       : tasks.o (.text.prvCheckTasksWaitingTermination)
                  00003150    00000050                                                       : tasks.o (.text.prvDeleteTCB)
                  000031a0    00000050                                                       : timers.o (.text.prvProcessExpiredTimer)
                  000031f0    00000050                                                       : tasks.o (.text.vTaskDelay)
                  00003240    0000004c     driverlib.a : dl_uart.o (.text.DL_UART_init)
                  0000328c    0000004c     libc.a : cpy_tbl.c.obj (.text.copy_in)
                  000032d8    0000004c     freertos_builds_LP_MSPM0G3507_release_ticlang.lib : port.o (.text.pxPortInitialiseStack)
                  00003324    0000004c     libc.a : autoinit.c.obj (.text:__TI_auto_init_nopinit)
                  00003370    00000048     freertos_builds_LP_MSPM0G3507_release_ticlang.lib : list.o (.text.uxListRemove)
                  000033b8    00000046                                                       : queue.o (.text.prvInitialiseNewQueue)
                  000033fe    00000002     libclang_rt.builtins.a : aeabi_div0.c.obj (.text.__aeabi_idiv0)
                  00003400    00000044     freertos_builds_LP_MSPM0G3507_release_ticlang.lib : port.o (.text.PendSV_Handler)
                  00003444    00000044     ti_msp_dl_config.o (.text.SYSCFG_DL_SYSCTL_init)
                  00003488    00000044     freertos_builds_LP_MSPM0G3507_release_ticlang.lib : queue.o (.text.prvCopyDataFromQueue)
                  000034cc    00000044                                                       : timers.o (.text.prvSwitchTimerLists)
                  00003510    00000040     ti_msp_dl_config.o (.text.SYSCFG_DL_initPower)
                  00003550    00000040     libclang_rt.builtins.a : aeabi_uidivmod.S.obj (.text.__aeabi_uidivmod)
                  00003590    00000040     main-tasks-create.o (.text.prvBootloader_Task)
                  000035d0    00000040     freertos_builds_LP_MSPM0G3507_release_ticlang.lib : port.o (.text.xPortStartScheduler)
                  00003610    0000003c                                                       : timers.o (.text.prvSampleTimeNow)
                  0000364c    0000003a                                                       : list.o (.text.vListInsertEnd)
                  00003686    00000002     --HOLE-- [fill = 0]
                  00003688    00000038                                                       : timers.o (.text.prvGetNextExpireTime)
                  000036c0    00000038                                                       : tasks.o (.text.xTaskGetSchedulerState)
                  000036f8    00000036                                                       : timers.o (.text.prvReloadTimer)
                  0000372e    00000002     --HOLE-- [fill = 0]
                  00003730    00000034     driverlib.a : dl_sysctl_mspm0g1x0x_g3x0x.o (.text.DL_SYSCTL_switchMCLKfromLFCLKtoSYSOSC)
                  00003764    0000000c                 : dl_sysctl_mspm0g1x0x_g3x0x.o (.text.DL_SYSCTL_getClockStatus)
                  00003770    00000034     freertos_builds_LP_MSPM0G3507_release_ticlang.lib : port.o (.text.vPortStartFirstTask)
                  000037a4    00000034                                                       : tasks.o (.text.vTaskPlaceOnEventList)
                  000037d8    00000034                                                       : tasks.o (.text.vTaskStepTick)
                  0000380c    00000030                                                       : tasks.o (.text.prvResetNextTaskUnblockTime)
                  0000383c    00000030                                                       : port.o (.text.prvTaskExitError)
                  0000386c    0000002c                                                       : port.o (.text.SysTick_Handler)
                  00003898    0000002c                                                       : list.o (.text.vListInitialise)
                  000038c4    0000002c                                                       : port.o (.text.vPortExitCritical)
                  000038f0    0000002a                                                       : queue.o (.text.prvIsQueueEmpty)
                  0000391a    00000002     --HOLE-- [fill = 0]
                  0000391c    00000028     uart.o (.text.BSL_PI_sendByte)
                  00003944    00000028     driverlib.a : dl_uart.o (.text.DL_Common_updateReg)
                  0000396c    00000028     ti_msp_dl_config.o (.text.SYSCFG_DL_init)
                  00003994    00000028     main-tasks-create.o (.text.prvRTOS_LED0_Toggle_Task)
                  000039bc    00000028     libc.a : boot_cortex_m.c.obj (.text:_c_int00_noargs)
                  000039e4    00000024     dl_flashctl.o (.text.DL_FlashCTL_programMemory64WithECCGenerated)
                  00003a08    00000024     driverlib.a : dl_uart.o (.text.DL_UART_setClockConfig)
                  00003a2c    00000024     ti_msp_dl_config.o (.text.SYSCFG_DL_GPIO_init)
                  00003a50    00000020     ti_msp_dl_config.o (.text.SYSCFG_DL_SYSCTL_CLK_init)
                  00003a70    00000020     freertos_builds_LP_MSPM0G3507_release_ticlang.lib : tasks.o (.text.vTaskInternalSetTimeOutState)
                  00003a90    0000001e                                                       : timers.o (.text.prvTimerTask)
                  00003aae    0000001c     dl_flashctl.o (.text.DL_FlashCTL_programMemory32WithECCGenerated)
                  00003aca    00000002     --HOLE-- [fill = 0]
                  00003acc    00000018     dl_flashctl.o (.text.DL_FlashCTL_eraseMemoryFromRAM)
                  00003ae4    00000010     dl_flashctl.o (.tramp.DL_FlashCTL_executeCommandFromRAM.1)
                  00003af4    00000018     main_freertos.o (.text.vApplicationGetIdleTaskMemory)
                  00003b0c    00000018     main_freertos.o (.text.vApplicationGetTimerTaskMemory)
                  00003b24    00000018     freertos_builds_LP_MSPM0G3507_release_ticlang.lib : port.o (.text.vPortEnterCritical)
                  00003b3c    00000018                                                       : port.o (.text.vPortYield)
                  00003b54    00000016     dl_flashctl.o (.text.DL_FlashCTL_eraseMemory)
                  00003b6a    00000016     driverlib.a : dl_uart.o (.text.DL_UART_disable)
                  00003b80    00000014     freertos_builds_LP_MSPM0G3507_release_ticlang.lib : tasks.o (.text.xTaskGetTickCount)
                  00003b94    00000012     libc.a : copy_decompress_none.c.obj (.text:decompress:none)
                  00003ba6    00000010     driverlib.a : dl_common.o (.text.DL_Common_delayCycles)
                  00003bb6    00000002     --HOLE-- [fill = 0]
                  00003bb8    00000010     freertos_builds_LP_MSPM0G3507_release_ticlang.lib : tasks.o (.text.vTaskSuspendAll)
                  00003bc8    00000010     libc.a : copy_zero_init.c.obj (.text:decompress:ZI)
                  00003bd8    0000000e     libclang_rt.builtins.a : aeabi_memset.S.obj (.text.__aeabi_memset)
                  00003be6    0000000e     main_freertos.o (.text.main)
                  00003bf4    0000000e     freertos_builds_LP_MSPM0G3507_release_ticlang.lib : list.o (.text.vListInitialiseItem)
                  00003c02    00000002     --HOLE-- [fill = 0]
                  00003c04    0000000c     libclang_rt.builtins.a : aeabi_memset.S.obj (.text.__aeabi_memclr)
                  00003c10    0000000c     freertos_builds_LP_MSPM0G3507_release_ticlang.lib : tasks.o (.text.vTaskMissedYield)
                  00003c1c    00000008     libclang_rt.builtins.a : aeabi_memcpy.S.obj (.text.__aeabi_memcpy)
                  00003c24    00000008     freertos_builds_LP_MSPM0G3507_release_ticlang.lib : port.o (.text.ulSetInterruptMaskFromISR)
                  00003c2c    00000006                                                       : port.o (.text.vClearInterruptMaskFromISR)
                  00003c32    00000004     startup_mspm0g3507_ticlang.o (.text.Reset_Handler)
                  00003c36    00000004     libc.a : pre_init.c.obj (.text._system_pre_init)
                  00003c3a    00000004     main_freertos.o (.text.vApplicationStackOverflowHook)
                  00003c3e    00000004     libc.a : exit.c.obj (.text:abort)
                  00003c42    0000000e     --HOLE-- [fill = 0]

.TI.ramfunc 
*          0    00003c50    00000030     RUN ADDR = 202010f0
                  00003c50    0000002c     dl_flashctl.o (.TI.ramfunc)
                  00003c7c    00000004     --HOLE-- [fill = 0]

.cinit     0    00003cb0    00000038     
                  00003cb0    00000011     (.cinit..data.load) [load image, compression = lzss]
                  00003cc1    00000003     --HOLE-- [fill = 0]
                  00003cc4    0000000c     (__TI_handler_table)
                  00003cd0    00000008     (.cinit..bss.load) [load image, compression = zero_init]
                  00003cd8    00000010     (__TI_cinit_table)

.rodata    0    00003c80    00000030     
                  00003c80    0000000a     ti_msp_dl_config.o (.rodata.gUART_0Config)
                  00003c8a    00000008     freertos_builds_LP_MSPM0G3507_release_ticlang.lib : timers.o (.rodata.str1.164314148057219020841)
                  00003c92    00000005                                                       : tasks.o (.rodata.str1.86812609733560828751)
                  00003c97    00000004     main-tasks-create.o (.rodata.str1.108123389426221749671)
                  00003c9b    00000004     main-tasks-create.o (.rodata.str1.517335858951808041)
                  00003c9f    00000004     main-tasks-create.o (.rodata.str1.99274884732610856871)
                  00003ca3    00000001     --HOLE-- [fill = 0]
                  00003ca4    00000004     freertos_builds_LP_MSPM0G3507_release_ticlang.lib : tasks.o (.rodata.uxTopUsedPriority)
                  00003ca8    00000002     ti_msp_dl_config.o (.rodata.gUART_0ClockConfig)
                  00003caa    00000006     --HOLE-- [fill = 0]

.init_array 
*          0    00000000    00000000     UNINITIALIZED

.binit     0    00003ce8    00000010     
                  00003ce8    00000010     (.binit)

.shared_area 
*          0    00003ff0    00000008     
                  00003ff0    00000004     main_freertos.o (.shared_area)
                  00003ff4    00000004     --HOLE-- [fill = 0]

.bss       0    20200000    00001084     UNINITIALIZED
                  20200000    00000800     freertos_builds_LP_MSPM0G3507_release_ticlang.lib : heap_4.o (.bss.ucHeap)
                  20200800    00000200     main_freertos.o (.bss.vApplicationGetIdleTaskMemory.uxIdleTaskStack)
                  20200a00    00000200     main_freertos.o (.bss.vApplicationGetTimerTaskMemory.uxTimerTaskStack)
                  20200c00    000000f0     freertos_builds_LP_MSPM0G3507_release_ticlang.lib : timers.o (.bss.prvCheckForValidListAndQueue.ucStaticTimerQueueStorage)
                  20200cf0    000000c8                                                       : tasks.o (.bss.pxReadyTasksLists)
                  20200db8    000000c8     (.common:BSL_receive_buf)
                  20200e80    00000064     main_freertos.o (.bss.vApplicationGetIdleTaskMemory.xIdleTaskTCB)
                  20200ee4    00000064     main_freertos.o (.bss.vApplicationGetTimerTaskMemory.xTimerTaskTCB)
                  20200f48    00000050     freertos_builds_LP_MSPM0G3507_release_ticlang.lib : timers.o (.bss.prvCheckForValidListAndQueue.xStaticTimerQueue)
                  20200f98    00000028     (.common:BSL_send_buf)
                  20200fc0    00000014                                                       : timers.o (.bss.xActiveTimerList1)
                  20200fd4    00000014                                                       : timers.o (.bss.xActiveTimerList2)
                  20200fe8    00000014                                                       : tasks.o (.bss.xDelayedTaskList1)
                  20200ffc    00000014                                                       : tasks.o (.bss.xDelayedTaskList2)
                  20201010    00000014                                                       : tasks.o (.bss.xPendingReadyList)
                  20201024    00000014                                                       : tasks.o (.bss.xSuspendedTaskList)
                  20201038    00000014                                                       : tasks.o (.bss.xTasksWaitingTermination)
                  2020104c    00000008                                                       : heap_4.o (.bss.xStart)
                  20201054    00000004                                                       : timers.o (.bss.pxCurrentTimerList)
                  20201058    00000004                                                       : tasks.o (.bss.pxDelayedTaskList)
                  2020105c    00000004                                                       : tasks.o (.bss.pxOverflowDelayedTaskList)
                  20201060    00000004                                                       : timers.o (.bss.pxOverflowTimerList)
                  20201064    00000004     (.common:App_Handler)
                  20201068    00000004     (.common:BSL_PI_checksum)
                  2020106c    00000004     (.common:BSL_PI_dataPointer)
                  20201070    00000004     (.common:Bootloader_Handler)
                  20201074    00000004     (.common:RTOS_LED_Toggle_Handler)
                  20201078    00000004     (.common:jj)
                  2020107c    00000002     (.common:BSL_PI_RxDataCnt)
                  2020107e    00000002     (.common:BSL_RXBufferSize)
                  20201080    00000001     (.common:BSL_LockedStatus)
                  20201081    00000001     (.common:BSL_RX_state)
                  20201082    00000001     (.common:app_area_flag)
                  20201083    00000001     (.common:returen_flag)

.data      0    20201084    0000006c     UNINITIALIZED
                  20201084    00000004     freertos_builds_LP_MSPM0G3507_release_ticlang.lib : timers.o (.data.prvSampleTimeNow.xLastTime)
                  20201088    00000004                                                       : tasks.o (.data.pxCurrentTCB)
                  2020108c    00000004                                                       : heap_4.o (.data.pxEnd)
                  20201090    00000004                                                       : port.o (.data.ulStoppedTimerCompensation)
                  20201094    00000004                                                       : port.o (.data.ulTimerCountsForOneTick)
                  20201098    00000004                                                       : port.o (.data.uxCriticalNesting)
                  2020109c    00000004                                                       : tasks.o (.data.uxCurrentNumberOfTasks)
                  202010a0    00000004                                                       : tasks.o (.data.uxDeletedTasksWaitingCleanUp)
                  202010a4    00000004                                                       : tasks.o (.data.uxSchedulerSuspended)
                  202010a8    00000004                                                       : tasks.o (.data.uxTaskNumber)
                  202010ac    00000004                                                       : tasks.o (.data.uxTopReadyPriority)
                  202010b0    00000004                                                       : heap_4.o (.data.xBlockAllocatedBit)
                  202010b4    00000004                                                       : heap_4.o (.data.xFreeBytesRemaining)
                  202010b8    00000004                                                       : tasks.o (.data.xIdleTaskHandle)
                  202010bc    00000004                                                       : port.o (.data.xMaximumPossibleSuppressedTicks)
                  202010c0    00000004                                                       : heap_4.o (.data.xMinimumEverFreeBytesRemaining)
                  202010c4    00000004                                                       : tasks.o (.data.xNextTaskUnblockTime)
                  202010c8    00000004                                                       : tasks.o (.data.xNumOfOverflows)
                  202010cc    00000004                                                       : heap_4.o (.data.xNumberOfSuccessfulAllocations)
                  202010d0    00000004                                                       : heap_4.o (.data.xNumberOfSuccessfulFrees)
                  202010d4    00000004                                                       : tasks.o (.data.xPendedTicks)
                  202010d8    00000004     main-tasks-create.o (.data.xQueue)
                  202010dc    00000004     freertos_builds_LP_MSPM0G3507_release_ticlang.lib : tasks.o (.data.xSchedulerRunning)
                  202010e0    00000004                                                       : tasks.o (.data.xTickCount)
                  202010e4    00000004                                                       : timers.o (.data.xTimerQueue)
                  202010e8    00000004                                                       : timers.o (.data.xTimerTaskHandle)
                  202010ec    00000004                                                       : tasks.o (.data.xYieldPending)

.stack     0    20201300    00000200     UNINITIALIZED
                  20201300    00000004     libc.a : boot_cortex_m.c.obj (.stack)
                  20201304    000001fc     --HOLE--

__llvm_prf_cnts 
*          0    20200000    00000000     UNINITIALIZED

__llvm_prf_bits 
*          0    20200000    00000000     UNINITIALIZED

MODULE SUMMARY

       Module                         code    ro data   rw data
       ------                         ----    -------   -------
    .\
       uart.o                         1280    0         257    
       main_freertos.o                66      4         1224   
       BSL_CI.o                       980     0         1      
       main-tasks-create.o            760     12        18     
       ti_msp_dl_config.o             360     12        0      
       dl_flashctl.o                  342     0         0      
    +--+------------------------------+-------+---------+---------+
       Total:                         3788    28        1500   
                                                               
    .\freertos\ticlang\
       startup_mspm0g3507_ticlang.o   6       192       0      
    +--+------------------------------+-------+---------+---------+
       Total:                         6       192       0      
                                                               
    C:/Users/kaush/Desktop/LFU BSL/slaaec9/MSPM0 LFU Bootloader Implementation release v1.2/Target_MSPM0G3507_demos/freertos_builds_LP_MSPM0G3507_release_ticlang/Debug/freertos_builds_LP_MSPM0G3507_release_ticlang.lib
       tasks.o                        5248    9         360    
       heap_4.o                       972     0         2080   
       queue.o                        1924    0         0      
       timers.o                       1180    8         380    
       port.o                         936     0         16     
       list.o                         296     0         0      
    +--+------------------------------+-------+---------+---------+
       Total:                         10556   17        2836   
                                                               
    C:/ti/mspm0_sdk_1_00_01_03/source/ti/driverlib/lib/ticlang/m0p/mspm0g1x0x_g3x0x/driverlib.a
       dl_uart.o                      174     0         0      
       dl_sysctl_mspm0g1x0x_g3x0x.o   64      0         0      
       dl_common.o                    16      0         0      
    +--+------------------------------+-------+---------+---------+
       Total:                         254     0         0      
                                                               
    C:\ti\ccs1250\ccs\tools\compiler\ti-cgt-armllvm_3.2.0.LTS\lib\armv6m-ti-none-eabi/c/libc.a
       memcpy16.S.obj                 154     0         0      
       copy_decompress_lzss.c.obj     120     0         0      
       memset16.S.obj                 98      0         0      
       autoinit.c.obj                 76      0         0      
       cpy_tbl.c.obj                  76      0         0      
       boot_cortex_m.c.obj            40      0         0      
       copy_decompress_none.c.obj     18      0         0      
       copy_zero_init.c.obj           16      0         0      
       exit.c.obj                     4       0         0      
       pre_init.c.obj                 4       0         0      
    +--+------------------------------+-------+---------+---------+
       Total:                         606     0         0      
                                                               
    C:\ti\ccs1250\ccs\tools\compiler\ti-cgt-armllvm_3.2.0.LTS\lib\clang/15.0.7/lib/armv6m-ti-none-eabi/libclang_rt.builtins.a
       aeabi_uidivmod.S.obj           64      0         0      
       aeabi_memset.S.obj             26      0         0      
       aeabi_memcpy.S.obj             8       0         0      
       aeabi_div0.c.obj               2       0         0      
    +--+------------------------------+-------+---------+---------+
       Total:                         100     0         0      
                                                               
       Stack:                         0       0         512    
       Linker Generated:              0       69        0      
    +--+------------------------------+-------+---------+---------+
       Grand Total:                   15310   306       4848   


LINKER GENERATED COPY TABLES

__TI_cinit_table @ 00003cd8 records: 2, size/record: 8, table size: 16
	.data: load addr=00003cb0, load size=00000011 bytes, run addr=20201084, run size=0000006c bytes, compression=lzss
	.bss: load addr=00003cd0, load size=00000008 bytes, run addr=20200000, run size=00001084 bytes, compression=zero_init
binit @ 00003ce8 records: 1, size/record: 12, table size: 16
	.TI.ramfunc: load addr=00003c50, load size=00000030, run addr=202010f0, run size=00000030, compression=none


LINKER GENERATED HANDLER TABLE

__TI_handler_table @ 00003cc4 records: 3, size/record: 4, table size: 12
	index: 0, handler: __TI_decompress_lzss
	index: 1, handler: __TI_decompress_none
	index: 2, handler: __TI_zero_init


FAR CALL TRAMPOLINES

callee name               trampoline name
   callee addr  tramp addr   call addr  call info
--------------  -----------  ---------  ----------------
DL_FlashCTL_executeCommandFromRAM  $Tramp$TT$L$PI$$DL_FlashCTL_executeCommandFromRAM
   202010f1     00003ae4     00003ada   dl_flashctl.o (.text.DL_FlashCTL_eraseMemoryFromRAM)

[1 trampolines]
[1 trampoline calls]


GLOBAL SYMBOLS: SORTED ALPHABETICALLY BY Name 

address   name                                       
-------   ----                                       
00001587  ADC0_IRQHandler                            
00001587  ADC1_IRQHandler                            
00001587  AES_IRQHandler                             
20201064  App_Handler                                
00000d55  BSL_CI_interpretCommand                    
20201080  BSL_LockedStatus                           
2020107c  BSL_PI_RxDataCnt                           
000000c1  BSL_PI_UART_receive                        
00001589  BSL_PI_UART_send                           
20201068  BSL_PI_checksum                            
2020106c  BSL_PI_dataPointer                         
0000391d  BSL_PI_sendByte                            
2020107e  BSL_RXBufferSize                           
20201081  BSL_RX_state                               
20200db8  BSL_receive_buf                            
20200f98  BSL_send_buf                               
20201070  Bootloader_Handler                         
00003c3e  C$$EXIT                                    
00001587  CANFD0_IRQHandler                          
00000a09  CMD_API_Program_Data                       
000028ed  CMD_API_Unlock_BSL                         
000024b9  CMD_API_startApplication                   
00001587  DAC0_IRQHandler                            
00003ba7  DL_Common_delayCycles                      
00003b55  DL_FlashCTL_eraseMemory                    
00003acd  DL_FlashCTL_eraseMemoryFromRAM             
00003aaf  DL_FlashCTL_programMemory32WithECCGenerated
000039e5  DL_FlashCTL_programMemory64WithECCGenerated
00002a89  DL_FlashCTL_unprotectSector                
00003731  DL_SYSCTL_switchMCLKfromLFCLKtoSYSOSC      
00003241  DL_UART_init                               
00003a09  DL_UART_setClockConfig                     
00001587  DMA_IRQHandler                             
00001587  Default_Handler                            
00001587  GROUP0_IRQHandler                          
00001587  GROUP1_IRQHandler                          
00001587  HardFault_Handler                          
00001587  I2C0_IRQHandler                            
00001587  I2C1_IRQHandler                            
00001587  NMI_Handler                                
00003401  PendSV_Handler                             
00001587  RTC_IRQHandler                             
20201074  RTOS_LED_Toggle_Handler                    
00003c33  Reset_Handler                              
00001587  SPI0_IRQHandler                            
00001587  SPI1_IRQHandler                            
00002353  SVC_Handler                                
00003a2d  SYSCFG_DL_GPIO_init                        
00003a51  SYSCFG_DL_SYSCTL_CLK_init                  
00003445  SYSCFG_DL_SYSCTL_init                      
00002c7d  SYSCFG_DL_UART_0_init                      
0000396d  SYSCFG_DL_init                             
00003511  SYSCFG_DL_initPower                        
0000386d  SysTick_Handler                            
00001587  TIMA0_IRQHandler                           
00001587  TIMA1_IRQHandler                           
00001587  TIMG0_IRQHandler                           
00001587  TIMG12_IRQHandler                          
00001587  TIMG6_IRQHandler                           
00001587  TIMG7_IRQHandler                           
00001587  TIMG8_IRQHandler                           
000016a5  UART0_IRQHandler                           
00001587  UART1_IRQHandler                           
00001587  UART2_IRQHandler                           
00001587  UART3_IRQHandler                           
20201500  __STACK_END                                
00000200  __STACK_SIZE                               
00000000  __TI_ATRegion0_region_sz                   
00000000  __TI_ATRegion0_src_addr                    
00000000  __TI_ATRegion0_trg_addr                    
00000000  __TI_ATRegion1_region_sz                   
00000000  __TI_ATRegion1_src_addr                    
00000000  __TI_ATRegion1_trg_addr                    
00000000  __TI_ATRegion2_region_sz                   
00000000  __TI_ATRegion2_src_addr                    
00000000  __TI_ATRegion2_trg_addr                    
00003cd8  __TI_CINIT_Base                            
00003ce8  __TI_CINIT_Limit                           
00003ce8  __TI_CINIT_Warm                            
00003cc4  __TI_Handler_Table_Base                    
00003cd0  __TI_Handler_Table_Limit                   
00003325  __TI_auto_init_nopinit                     
00002cf5  __TI_decompress_lzss                       
00003b95  __TI_decompress_none                       
ffffffff  __TI_pprof_out_hndl                        
ffffffff  __TI_prof_data_size                        
ffffffff  __TI_prof_data_start                       
00000000  __TI_static_base__                         
00003ce8  __TI_table_binit                           
00003bc9  __TI_zero_init                             
000033ff  __aeabi_idiv0                              
00003c05  __aeabi_memclr                             
00003c05  __aeabi_memclr4                            
00003c05  __aeabi_memclr8                            
00003c1d  __aeabi_memcpy                             
00003c1d  __aeabi_memcpy4                            
00003c1d  __aeabi_memcpy8                            
00003bd9  __aeabi_memset                             
00003bd9  __aeabi_memset4                            
00003bd9  __aeabi_memset8                            
00003551  __aeabi_uidiv                              
00003551  __aeabi_uidivmod                           
00003ce8  __binit__                                  
UNDEFED   __mpu_init                                 
20201300  __stack                                    
20200000  __start___llvm_prf_bits                    
20200000  __start___llvm_prf_cnts                    
20200000  __stop___llvm_prf_bits                     
20200000  __stop___llvm_prf_cnts                     
000039bd  _c_int00_noargs                            
UNDEFED   _system_post_cinit                         
00003c37  _system_pre_init                           
00003c3f  abort                                      
20201082  app_area_flag                              
00003ce8  binit                                      
0000328d  copy_in                                    
00002b09  eTaskConfirmSleepModeStatus                
000019e9  eTaskGetState                              
00000000  interruptVectors                           
20201078  jj                                         
00003be7  main                                       
00001f7d  main_tasks_create                          
00002699  memcpy                                     
00002f93  memset                                     
00000849  pvPortMalloc                               
20201088  pxCurrentTCB                               
000032d9  pxPortInitialiseStack                      
20201083  returen_flag                               
00003ff0  shared_functions                           
00003c25  ulSetInterruptMaskFromISR                  
00003371  uxListRemove                               
00003ca4  uxTopUsedPriority                          
00003af5  vApplicationGetIdleTaskMemory              
00003b0d  vApplicationGetTimerTaskMemory             
00003c3b  vApplicationStackOverflowHook              
00003c2d  vClearInterruptMaskFromISR                 
00003899  vListInitialise                            
00003bf5  vListInitialiseItem                        
00002ebd  vListInsert                                
0000364d  vListInsertEnd                             
00003b25  vPortEnterCritical                         
000038c5  vPortExitCritical                          
00002559  vPortFree                                  
000030ad  vPortSetupTimerInterrupt                   
00000ef5  vPortSuppressTicksAndSleep                 
00003b3d  vPortYield                                 
00002f29  vQueueWaitForMessageRestricted             
000031f1  vTaskDelay                                 
00003a71  vTaskInternalSetTimeOutState               
00003c11  vTaskMissedYield                           
000037a5  vTaskPlaceOnEventList                      
00002de1  vTaskPlaceOnEventListRestricted            
000021e1  vTaskStartScheduler                        
000037d9  vTaskStepTick                              
000018d9  vTaskSuspend                               
00003bb9  vTaskSuspendAll                            
00001cd5  vTaskSwitchContext                         
000035d1  xPortStartScheduler                        
00002733  xQueueGenericCreate                        
000025f9  xQueueGenericCreateStatic                  
00001dc1  xQueueGenericReset                         
00001467  xQueueGenericSendFromISR                   
00000bb1  xQueueReceive                              
00002355  xTaskCheckForTimeOut                       
0000285b  xTaskCreate                                
000027c7  xTaskCreateStatic                          
000036c1  xTaskGetSchedulerState                     
00003b81  xTaskGetTickCount                          
0000047d  xTaskIncrementTick                         
00001ae5  xTaskPriorityDisinherit                    
0000107d  xTaskRemoveFromEventList                   
00000675  xTaskResumeAll                             
00001be1  xTaskResumeFromISR                         
00002c01  xTimerCreateTimerTask                      


GLOBAL SYMBOLS: SORTED BY Symbol Address 

address   name                                       
-------   ----                                       
00000000  __TI_ATRegion0_region_sz                   
00000000  __TI_ATRegion0_src_addr                    
00000000  __TI_ATRegion0_trg_addr                    
00000000  __TI_ATRegion1_region_sz                   
00000000  __TI_ATRegion1_src_addr                    
00000000  __TI_ATRegion1_trg_addr                    
00000000  __TI_ATRegion2_region_sz                   
00000000  __TI_ATRegion2_src_addr                    
00000000  __TI_ATRegion2_trg_addr                    
00000000  __TI_static_base__                         
00000000  interruptVectors                           
000000c1  BSL_PI_UART_receive                        
00000200  __STACK_SIZE                               
0000047d  xTaskIncrementTick                         
00000675  xTaskResumeAll                             
00000849  pvPortMalloc                               
00000a09  CMD_API_Program_Data                       
00000bb1  xQueueReceive                              
00000d55  BSL_CI_interpretCommand                    
00000ef5  vPortSuppressTicksAndSleep                 
0000107d  xTaskRemoveFromEventList                   
00001467  xQueueGenericSendFromISR                   
00001587  ADC0_IRQHandler                            
00001587  ADC1_IRQHandler                            
00001587  AES_IRQHandler                             
00001587  CANFD0_IRQHandler                          
00001587  DAC0_IRQHandler                            
00001587  DMA_IRQHandler                             
00001587  Default_Handler                            
00001587  GROUP0_IRQHandler                          
00001587  GROUP1_IRQHandler                          
00001587  HardFault_Handler                          
00001587  I2C0_IRQHandler                            
00001587  I2C1_IRQHandler                            
00001587  NMI_Handler                                
00001587  RTC_IRQHandler                             
00001587  SPI0_IRQHandler                            
00001587  SPI1_IRQHandler                            
00001587  TIMA0_IRQHandler                           
00001587  TIMA1_IRQHandler                           
00001587  TIMG0_IRQHandler                           
00001587  TIMG12_IRQHandler                          
00001587  TIMG6_IRQHandler                           
00001587  TIMG7_IRQHandler                           
00001587  TIMG8_IRQHandler                           
00001587  UART1_IRQHandler                           
00001587  UART2_IRQHandler                           
00001587  UART3_IRQHandler                           
00001589  BSL_PI_UART_send                           
000016a5  UART0_IRQHandler                           
000018d9  vTaskSuspend                               
000019e9  eTaskGetState                              
00001ae5  xTaskPriorityDisinherit                    
00001be1  xTaskResumeFromISR                         
00001cd5  vTaskSwitchContext                         
00001dc1  xQueueGenericReset                         
00001f7d  main_tasks_create                          
000021e1  vTaskStartScheduler                        
00002353  SVC_Handler                                
00002355  xTaskCheckForTimeOut                       
000024b9  CMD_API_startApplication                   
00002559  vPortFree                                  
000025f9  xQueueGenericCreateStatic                  
00002699  memcpy                                     
00002733  xQueueGenericCreate                        
000027c7  xTaskCreateStatic                          
0000285b  xTaskCreate                                
000028ed  CMD_API_Unlock_BSL                         
00002a89  DL_FlashCTL_unprotectSector                
00002b09  eTaskConfirmSleepModeStatus                
00002c01  xTimerCreateTimerTask                      
00002c7d  SYSCFG_DL_UART_0_init                      
00002cf5  __TI_decompress_lzss                       
00002de1  vTaskPlaceOnEventListRestricted            
00002ebd  vListInsert                                
00002f29  vQueueWaitForMessageRestricted             
00002f93  memset                                     
000030ad  vPortSetupTimerInterrupt                   
000031f1  vTaskDelay                                 
00003241  DL_UART_init                               
0000328d  copy_in                                    
000032d9  pxPortInitialiseStack                      
00003325  __TI_auto_init_nopinit                     
00003371  uxListRemove                               
000033ff  __aeabi_idiv0                              
00003401  PendSV_Handler                             
00003445  SYSCFG_DL_SYSCTL_init                      
00003511  SYSCFG_DL_initPower                        
00003551  __aeabi_uidiv                              
00003551  __aeabi_uidivmod                           
000035d1  xPortStartScheduler                        
0000364d  vListInsertEnd                             
000036c1  xTaskGetSchedulerState                     
00003731  DL_SYSCTL_switchMCLKfromLFCLKtoSYSOSC      
000037a5  vTaskPlaceOnEventList                      
000037d9  vTaskStepTick                              
0000386d  SysTick_Handler                            
00003899  vListInitialise                            
000038c5  vPortExitCritical                          
0000391d  BSL_PI_sendByte                            
0000396d  SYSCFG_DL_init                             
000039bd  _c_int00_noargs                            
000039e5  DL_FlashCTL_programMemory64WithECCGenerated
00003a09  DL_UART_setClockConfig                     
00003a2d  SYSCFG_DL_GPIO_init                        
00003a51  SYSCFG_DL_SYSCTL_CLK_init                  
00003a71  vTaskInternalSetTimeOutState               
00003aaf  DL_FlashCTL_programMemory32WithECCGenerated
00003acd  DL_FlashCTL_eraseMemoryFromRAM             
00003af5  vApplicationGetIdleTaskMemory              
00003b0d  vApplicationGetTimerTaskMemory             
00003b25  vPortEnterCritical                         
00003b3d  vPortYield                                 
00003b55  DL_FlashCTL_eraseMemory                    
00003b81  xTaskGetTickCount                          
00003b95  __TI_decompress_none                       
00003ba7  DL_Common_delayCycles                      
00003bb9  vTaskSuspendAll                            
00003bc9  __TI_zero_init                             
00003bd9  __aeabi_memset                             
00003bd9  __aeabi_memset4                            
00003bd9  __aeabi_memset8                            
00003be7  main                                       
00003bf5  vListInitialiseItem                        
00003c05  __aeabi_memclr                             
00003c05  __aeabi_memclr4                            
00003c05  __aeabi_memclr8                            
00003c11  vTaskMissedYield                           
00003c1d  __aeabi_memcpy                             
00003c1d  __aeabi_memcpy4                            
00003c1d  __aeabi_memcpy8                            
00003c25  ulSetInterruptMaskFromISR                  
00003c2d  vClearInterruptMaskFromISR                 
00003c33  Reset_Handler                              
00003c37  _system_pre_init                           
00003c3b  vApplicationStackOverflowHook              
00003c3e  C$$EXIT                                    
00003c3f  abort                                      
00003ca4  uxTopUsedPriority                          
00003cc4  __TI_Handler_Table_Base                    
00003cd0  __TI_Handler_Table_Limit                   
00003cd8  __TI_CINIT_Base                            
00003ce8  __TI_CINIT_Limit                           
00003ce8  __TI_CINIT_Warm                            
00003ce8  __TI_table_binit                           
00003ce8  __binit__                                  
00003ce8  binit                                      
00003ff0  shared_functions                           
20200000  __start___llvm_prf_bits                    
20200000  __start___llvm_prf_cnts                    
20200000  __stop___llvm_prf_bits                     
20200000  __stop___llvm_prf_cnts                     
20200db8  BSL_receive_buf                            
20200f98  BSL_send_buf                               
20201064  App_Handler                                
20201068  BSL_PI_checksum                            
2020106c  BSL_PI_dataPointer                         
20201070  Bootloader_Handler                         
20201074  RTOS_LED_Toggle_Handler                    
20201078  jj                                         
2020107c  BSL_PI_RxDataCnt                           
2020107e  BSL_RXBufferSize                           
20201080  BSL_LockedStatus                           
20201081  BSL_RX_state                               
20201082  app_area_flag                              
20201083  returen_flag                               
20201088  pxCurrentTCB                               
20201300  __stack                                    
20201500  __STACK_END                                
ffffffff  __TI_pprof_out_hndl                        
ffffffff  __TI_prof_data_size                        
ffffffff  __TI_prof_data_start                       
UNDEFED   __mpu_init                                 
UNDEFED   _system_post_cinit                         

[174 symbols]
